type ___
height 301
weight 301
__random_map__
...@..@........@@@.@...@@@.....@...........@....@...@.@@..@.@.....@.......@.@..........@..@@@..@...@........@.@.@@@....@...@...@.@@@....@....@@.........@...@..@@...@....@...@.@@@...@.......@..@...@...@.......@...@@...@........@.@....@...@@.@.....@....@........@@@..........................@......@....
....@..@.......@@.@..@@@.......@..@...@...@....@..@......@@.....@....@..@...@..@........@....@@@.@..@.@.........@.@@...@..@@.@.@.......@....@.@.@....@.@.@..@@...@..............@....@.......@@.@.....@.....@...@.....@.@..@............@.......@...@@...@.....@.@......@......@.@....@..............@.@@....
.@..............@..@..@@@....@@@...@@..@@....@.@..@......@@@@........@@.@.....@.@..@@@@.@...@...@...@.@@...@.@@....@.......@........@.......@......@@..@.@@............@.....@.@...@@@....@..@.....@..@..@.@..........@.@....@...@..@..@..........@@@....@...@.@.......@@@....@..@..@.@.@.@..............@.@.
..@...@.@.@...@.@@@.....@...@.......@.....@.....@.....@@@........@@.@@.................@.@....@..@.@@....@...@..@@.@...@.@......@....@.@..@....@.....@.@.@..@.@.........@..........@....@....@..@.@...@..@....@.@@....@.@.@..@...@..@@.@..@.....@...@@.@.......@...@@@.....@......@.........@...@@@..........
..@.@.@.....@..@@.......@....@....@..........@..@...@.....@@.@...........@........@..@..@.@@.@.@.@.@.......@....@@.......@@..@......@....@.@..@.@@.@...@.@....@@...@.@@.@....@@.@......@...@........@......@..@......@.......@@..@..@@............@.@......@.@.@........@.@.........@.......@@....@@.....@...
.@@@....@.....@...@@.....@......@...@@@..@.......@@..@.@@..@........@.@@.........@................@.@.......@....@........@.@....@....@..@....@@.@.@...@@.......@@..@..................@..@@.......@@@...@...@.....@@@@.......@..@@..........@.@.@..@@....@......@..................@...@.....@.@..@.@.@.@...
.@@.....@............@...@@.@@@.@.............@.....@........@.....@@@.....@...@@........@......@..@.@.@....@........@@.@@@.@...@.@.@@....@...@....@@@@.@@.@...............................@@.@.....@@....@...@@..@...@@.@..@.....@@@..@@.@......@..............@@@.....@@@@.@@..@........@.@.@.....@.......@
.@...........@..@.....@@@.@...@.....@..@..........@..@..@....@.....@.....@..@..@@.......@.......@....@@......@...@@....@...@....@@......@..........@@@@..........@......@.@..@...@...@..@.......@......@...@..........@..@......@@...@.................@....@.....@..@......@......@@@...@@..@.......@@.@@...
@@...@.........@.....@........@@...@.@.@...@..@......@...........@..........@.....@.@...@.....@..@..@...@...@.@...@.@@@@.@@.@.@@...@........@@.@...@@.........@....@..@@.@@@....@.....@.@...@@.@....@.........@.@.@....@@.....@....@...@..@........@..@.@@....@@....@.@@.....@.@....@..@....@@...@........@.@
@..@.......@@@...@..@........@...@............@.....@.@..@@.@..@.............@@@.@......@.......@...@........@...........@.......@....@...@@....@......@....@.......@.....@.@@@...@....@@@....@@.@.@.......@..@..@...@...@................@..@...........@@...@@@@...@.@@.@@.........@..@@...........@.@....@
..@..........................@.....@...@..@.@@.@....@..@@@.....@.@...@.@...@......@.@.@.@@@....@.@.@..@@@..@@.@...@@..@.@@..@@...............@@@@@..@..@..@...@..@.@....@......@..@@@@..........@......@@..@....@..@@....@.@@......@....@@@.@@...@......@...@@..@....@.......@...@@@..@@@...@@@.....@.@@....@
.@.......@.@......@..@........@.......@@...@.@@.....@...@....@......@.@.@....@....@..@....@....@..........@.@..@.@..@@.@........@...@.@.@@...@@.@......@.@....@.....@@.....@.....@..@.@........@...@.@@..@.......@@..@@...@@.@.......@..@.@.....@.....@.@....@@@....@.....@@.@.........@..@.@@..@@...........
..........@..@@..@...@....@@.....@.@...@@.....@@....@.@.@..@.........@@.@@..@...@....@@.@...@..@.@@@.@..............@......@@...@......@..@....@.........@...@...@..@.@@..@@....@@..@.....@@@@..@@@..@..@.....@........@......@@.@@..@.@...................@...@.@.@...@.....@.....@@......@.@.........@...@.
@..@@...@............@..@...@@@..@.....@....@..@.@...@.@.@...@....@.@.....@.....@@.....@@.@.@@........@.@.@....@..@...@..@.@...@@..@......@.@@@......@.......@.@..@....@.....@...@.@.@....@.....@...@.........@..@....@.........@@.........@.....@..@.@........@............@.@.@...@.......@.............@..
@@@....@....@@..@............@............@@.@....@........@..@....@............@..@....@.@..@@@..@..@..@..@.@@.@..@..........@....@......@@.......@.@..@.@....@....@.....@@.......@...@..@...@@.....@.....@.........@@.@.@@........@.@...@.@..@.@.......@...@.@@.@@@@.@...@..@...@@...@.@....@...@.@@...@..@
.@...@......@@...@.@@.@....@@...@@...............@..@@.@..@..........@..@.......@...@.........@...@.........@..@...@........@.....@....@@.@@...@.....@@.............@....@.@@.@.@..........@..@...@.....@........@..@@..@....@.@....@.....@..@.@...@........@@..@.@..@.@...@..@.@.......@...@@......@........
@@..@.@...@.@..@....@..@@......@.@@@...@.....@.....@@.@..@.@.............@......@.........@.@.@@...@@@....@..........@@@....@..@..@@..@........@.@.@@....@@.......@.@.......@@.......@..@...@@@...@.........@.........@..@..@..@@.@@......@.......@.......@@..@..@....@....@.....@....@..@@@@@.@@@..@@@.@.@..
@@.@.......@....@..@......@....@.@...@.@..........@....@.@@........@.@......@.@.@...@..@..@...@..@@.....@@@.....@.@..@......@@.@.@.@.....@..@...@.......@....@@@.@..@.@....@..........@.@..@.@@...@....@.@@@...@..........@.@..@.@..@.@@...@....@@........@....@............@@......@...@..@.@@....@@@.......
.@..@..@...@@.@....@......@........@@.@..@....@@..@........@..@@..@......@..@......@....@...@@.@..@@@......@.@..@.....@...@.@.......@...........@.......@.@@@.............@.......@....@.@....@..@.......@@..@...@@@.....@...........@..@..@....@..........@@.....@.....@@.......@@...@.@......@.@@.@..@.@..@
.@....@@..@...@@@.............@@.@..@.......@.@................@.....@...@.@.@..@.......@.......@@.@..@@.@.@......@@..@...@......@.....@..@..@@@....@..@......@@....@........@...@...@.....@@@.@@......@..@@........@.@..@.@..@@.@..............@@......@..@.@@..@...@...@@...@.....@.@@.@.....@....@.@...@@.
.@..@.....@..@........@...@..@......@@....@@...@...@......@@.@..@..@.....@...@............@@.....@@...@...@............@@@....@..@.....@.@..@@.........@..@.......@@@.....@...@.....@@...@@..@@@...@.@..@@...@.@..@.@........@..........@.@@.....@.@.@..........@@....@......@..@.....@@.@.@@@......@@@.....@
.....@@....@@@.........@@@.@..@...@......@...@...@@@............@@..........@....@..@.....@.....@.@....@..@.........@.@.........@......@...@..@@..@@..@.@....@....@.....@@@.....@.....@......@.@..@...@...@..........@...@........@.......@.@@.......@@.@.@@.........@....@...@@....@........................
......@@@@.@.....@@.@@.....@..................@.....@........@@..........@@@..@@...@....@@..........@.@........@......@@.@.@@.@@@...@......@.@...............@@.......@..@.@....@..@.........@..@.@@.@@@..@@......@...@....@@.........@..@...@@..@.@@..@@@.....@....@.@@.....@.....@.......@.@.....@..@...@..
@.@......@.......@.....@...........@..@..@.....@@......@@...@@..@@......@@.....@@..............@.@..@@..@....................@.@..@....@.@...@@.....@.@.....@..@...........@..@...@@@.....@....@.....@...@.@@.....@....@.............@.....@..@@.........@.@......@...........@@@.@..@...........@.....@.....
.....@.....@......@....@....@@....@@.@..........@..@@..@@.....@@.....@.@@.@.....@...@......@..@..@.@......@...@.....@.@........@@..@...@.@.......@..@.....@...@@@@@..@..@..@.....@@..@.@@.@.@.@...@..@@..@...@.@.........@..@.......@..@@.@.@..@.........@....@...@.....@..@@.@....@.@......@..@@.........@..
.@....@.@........@....@....@..@......@.@...@..........@..@.@..@@..@.@@.@..@.@.@..@.@.............@..@...@.....@......@..@............@.@.@.....@.@@.@...@@...@...@@@.@@.....@.............@.@.@......@..@...@@@...@..@.@..@.@...@..@...@@...............@@@...@.............@.....@.@@...........@.@......@.@
.@.@....@@....@@.@....@......@....@.....@.....@.@....@............@.@.@..............@....@.....@@..@...@....@.......@.@..@......@..@.............@.........@@......@.......@@@@@.....@@...@.........@@.....@....@....@...@.@@.......@.......@..@.@.@@......@..........@@..............@@....@.@.....@...@@@@
.@...@..@.....@.....@@......@...@.@@......@..........@...@.@@.@.@.@.@....@.........@.@@....@...@@..@@..@...@..@.@..@@@.@@..@.@...@@@........@....@@.......@..@...@@@.@.@.....@@@...@.@@..@.@@@@@......@@@.....@..@.@..........@...@.@....@....@..@..................@.........@..@.@........@.@.@.@@@..@..@..
....@...@.@.@.@.......@..@@...@.....@.@.@.@@@..@.....@...@.....@...@.@...@...@@.@@.......@..@@..@@...@@....@.............@......@....@.@..@......@......@.@.@..@@...@..@@.@...@....@@..@@@..@......@...@...@@@......@..@@..@...@.@..@..@.....@@.@@..@...@........@.@@......@@@......@.......@..@..@......@...
.@....@.@..@@......@.....@..@@@@@@@@...........@.........@.....@.......@......@....@......@...@.....@....@...@@..@@@@...@...@@.@............@.......@@....@@.@........@...@..@@......@..@..@@...........@.......@.........@@...@.@......@@....@@....@......@......@....@..@..........@@@.@..@....@....@...@@@
...@..@..@..@.......@.........@@....@.@........@.............@........@.@..@....@...@...........@...@...@.@....@.......@@@.........@.....@...@@.@......@.@.@........@.........@......@....@@...@@@@.....@......@@....@.@.@.@@.........@.@.....@.........@...@....@.@......@.@..@....@@......@.............@.@
...........@@......@...@.@@@@....@.@@....@..@.......@...@.........@.@.................@.....@.@..@..@.....@.......@@..@....@.@@.....@@..@@...@@.....@@..@.@..@..@.....@..........@.@.@.....@.....@@..............@@.........@..................@@..@................@..............@..@........@..@@..@.@.@..
@...@...@......@.....@.....@.@@.@@.........@.........@....@.....@....@@..@@@.......@.@....@..............@...@@.....@....@...@.@....@......@..@...@@.@@.........@@...@.....@......@......@.....@...@......@........@@@.@.........@...........@..@.@....@@..@.@..@.@.....@...............@.@........@@.@....@@
.@.@...@..@.....@@........@.....@@.........@......@...@.....@...@.@.@...@...@@.@..@.......@@@...@...........@@.........@........@@@...@.@...@@@@..@..@...@.......@.@@@...@.@.@......@.@.@@...@....@........@@..@..@....@..........@...@@......@......@..@.@...@..@.....@.......@........@......@...@.......@.
@..........@.....@.@@@@.@.@...@..@..@.@.@@@.@........@@.@.......@..@@....@@@@.@@@......@@@...@@.@.@@..@.............@@.....@@...........@@....@@......@....@.@..@@............@@.@@@@@...@..@.@@...@.@........@.@.....@@@...@..@.@......@@.......@@......@@..@.@.....@@...@....@.....@.@@@...........@@@.....
..@...@@@...........@@....@.@@.................@@@@...@.....@@..@..@..@.@.....@..@.........@.....@.....@.......@@.@.....@.......@.@@...@.......@@@.....@.......@.@.....@....@@...........@.........@@@@.@.@@.@.@.@..@..@..@@...@......@.@.........@.@..@.@.@....@.......@.........@..@..........@....@....@..
....@.@.@@..@..@...@.@@.......@.@........@@.....@...@.........@@@..@..@....@..@..........@@@....@.....@@@.@@......@..@.@@......@...@..@.@@@.......@.@.@...@@.....@......@....@..@.....@.@@..@.@......@..@.@..........@@@.@.....@.....@.....@..@..@........@@..@..@........@.@.@.@.@@.@.....@...........@@@@@.
..@..@@.........@....@..@........@@@....@...@..@.......@@@..@...@..@.....@...@.@@..@.@.@...@...@..@..@@@.@.....@@....@......@.....@.@.@.......@@@@.......@....@@........@..............@..@...@@.....@...@...........@..@@...@@....@...@...@..........@@.@..@...@@...@.@...@@.@@..@.......@.....@.....@......
..@..@@.......@...........@@.@@....@............@.@.............@..@@.@@....@.@......@.........@.....@....@@@........@......@.....@.@.......@......@...@.@....@@.@..@................@.........@...@@...........@@.@.@......@...........@.........@@@...@@.................@@..@.@.@...@@@....@......@..@....
....@...@......@..@@.....@.@..@...@.......@@...@.@@.@.....@...@...@...@.............@.@..@....@.....@..@.@.@..@..@.......@@...@.@..@@.......@...@@....@....@.@.@...@.@......@.@......@............@..@.@...@.@...@@...@@.@....@.@.........@.@..@.@.@.@.@@..@..@.......@..............@.@........@.@......@@.@
@@.@.@...@...@@........@@..@.@@..@..@..........@.@...@..@...@...........@...@...@@@......@....@.@.@@@.@.@@...@@@.........@.....@....@.@@.@..@..@.......@..@........@....@.....@...@..@....@.@.@..@.....@.@.@@......................@..@..@..@....@..@@..@.@.......@......@.....@@..........@.....@.....@.....
@.....@.@.......@.@...@.@.....@....@.....@@@.@.@..................@@..@..@.@...@..@....@...........@@.@@...@@@..@......@.....@.......@.@@.....@..@@.....@..@@.......@@@.@.......@.....@@@.@.@@............@....@..@.....@.@.......@..@.............@.....@...@..@.@@.......@....@@............@.@......@...@.
@...@...@.@..................@.@@...@..@.@..@......@..@..@.@......@...........@..@.@.@..@...@@@@.....@......@..@@.@.@....@@...........@@@@......@.@....@..@@...@.@......@.....@...........@....@...@..............@@..@.....@......@@...@.@..@..@..@@.@..@.@@@@.@.@.....@.@..@..@.@@@.....@....@....@@@......
.......@...@..@.@...@@......@@..@..@.@@...@.@......@.@@..@@.........@@......@.@@...@......@@..@@......@....@@@.......@..@..@@...........@@@..@.@@@...@@@...@@@...@@..@.@.......@@.@.......@....@.@.@..@..@..@.@..@...@..@.......@.......@@@..@@@@.@.@....@....@..@.@....@....@@.@@...@..@..@..@......@@.@..@@
.....@.......@@@........@....@..@.@............@@..@.......@@...@.........@.............@...@.@...........@@..@@...@.......@.@......@@......@.....@..@......@....@..@....@.@.@@..@@@............@......@@...............@............@@...@..........@...@.@..@.......@.@.....@@@..@......@.@.....@.......@..
...@@@..@.@...@.@.......@.....@@@..@..@..........@....@....@....@.@@......@...@........@.@........@......@..........@..@..@@...............@@@@....@.@...@...@..@.....@@........@@....@.@......@.@.@.....@....@@.........@.@.@.@......@......@@.....@@@@..@...@@@.@.@..@@@....@..............@.....@......@..
@@........@...@@....@.@.@..@@................@.@.................@.@........@.......@....@...@.@........@......@.@...................@......@.......@....@......@...@.@.@.........@.@.@@..........@@@..............@.@..@@.@@..@......@@.......@.....@@@@.........@@...@@..@...@@..@...@@@..@......@@.@.....@
......@...@.@..@...@....@..@..@....@@.....@@...@......@........@.@.@.......@..@........@............@@.@....@......@.@@.....@...@.@.....@@..@@.@@@....@@..............@@.....@@.@.@..@...@.........@..@....@.....@......@.@@@.....@...@..@......................@...............@....@..........@@..@@.@@.@..
...@....@.....@@@.......@..@....@..........@@.@.@...@...@...@@..@..@..@@.@.@...@...@..@@.........@....@.@@.......@@.......@@....@.@.........@..@.....@.@..@......@......@..@.....@..@............@...@...@........@....@...@..@..@...@......@..@......@....@..@....@.@..........@@........@....@..........@..
....@..@....@..@..@....@..@@...@.@@...........@@@................@....@...........@.............@.......@@@.@@.@@.@......@.@...@@..@......@@............@.@..@....@.@.@..@@...@.........@....@.@.@.....@.@........@...@.@@@@...........@@..@....@@..@...@.@.....@.........@....................@@......@@..@.
.......@....@.........@.@.@@.........@....@.....@....@.@@.@@.....@.@....@..@@....@..@...@@@.@@@................@.@.....@@@@......@.......@@@@@@.@@.@@@.@@.@...@@@..@.@....@...............@@@....@...@@................@.......@@.@@@@.....@...@........@@.@.@.@...@@.@@....@...@.@@....@.@...@......@......@
.@..@@..@...@...@.@...@....@....@.@..............@.......@@@..........@.@.......@..@......@...@...@@@@.@.@@@...@..........@......@.@...@.@.........@.......@.....@....@....@........@.............@...@.@.........@@.........@....@....@@....@.@.@..@..........@.........@@@.@..@...@...........@@@..@......@
...@.@...@.......@..@.@.............@...........@@.@@.@........@.....................@............@..@@..@.@..@..@@..@@..@@.......@@..@..@.@.@@......@.............@...@......@@....@...@....@...@.....@...@...@..........@@...@.......@.@.@@.........@......@@@...@@..@..@.....@.@@...@@..@......@...@...@@.
@..@....@..@........@......@....@............@.@...@.@.....@@.......@........@....@..@..@@@@........@...........@...@@.@....@..@...@.@....@.@@@..@.@.....@.@....@.@.......@........@......@@.@.@..@..@..@@@......@.....@.............@..@@............@.@...@.....@@.@......@........@..@..@@@.@..@..@....@..
....@..@@@.......@................@@@......@........@..@.@.....@..@....@..@@..@..@@@@.......@@...@.......@..@.@......................@....@....@....@....@@.@.@....@@.@@.@..@........@.@..@.....@@............@..@....@......@...@......@@..............@..@@@..@@....@@@@..@...@.................@..@@@.....
...@.......@@..@@.@@.......@@..@........@..@.@..@@@@...@....@.@@..@...@.....@.@..@@.@..@.@....@..@.@@@.@.@.@.@.@........@......@...@@...@......@.......@@....@.....@@@..@.@..@@...@@................@..@@@@..@.@....@...@....@....@.@.@..@.@@..@............@@..@@@@.@..@....@....@.@......@...@@....@@.@.@..
......@........@.@.....@...@.@.@@.....@..@@...@..@...@......@...@@.....@..@@.............@..@@.@@....@....@@..@..@..@.........@@.@..@.....@.....@....@...@....@....@.@@........@.@........@.@....@.@....@.@@..@...@..@@.@...@..@.........@.............@....@.@...@.@...@@..@@.@@...@...@.@.@..........@..@..
...............@@...........@@@.....@.@.@@........@@.@...@....@.......@.......@...........@........@..@.........@@........@@@@...@......................@@.....@...@.....@....@.@.....@..@@@@.@@.@@......@@.....@..@........@@........@........@@.@...@@..@....@...@..........@.@....@....@...........@......
...@....@..@.....@......@@@@..@..@.@..@.......@..@@@.............@@@..@@.....@....@.........@...@............@..@..@@...@.....@..@@............@....................@@....@.@..@@.....@.......@.@@@.........@...@.................@.....@...@..@..@@........@..@.@.......@@.......@@@....@..@.@............@.
@..@.@...@......@.@@....@...@...@..@@@.......@......@.@@........@.@.....@.@........@.@@.....@.@....@........@@......................@......@...@@.@..@..@@@@...........@......@.@..@@...@@...@......@@.@@.@....@..@@@......@.................@...............@...@.@..@....@.@.@.......@......@@@..@.........
@..@@......@..@.@......@..........@....@@....@..@.......@...@.......@@@...@...@@......@......@.@@.@.......@..@....@....@@.@..@@@@......@........@...........@...@@@..@@@.....@..@............@@@...@.............@@..........@...@.@...@..@...@@.@...@@..@............@...@...@@..@.......@@...@.@..@.....@@.
..@..@.@.@.@..@@............@@@.@@......@......@..@.@...@.@..@......@...@.@.....@@......@..@......@@...@@..@............@..@.....@.@.....@......@@..@@..@..@....@..@.@@..@.@...@..@.@@...@..@..@..@...@..@.@@@......@..@..@@....@...@@....@..@.......@@..........@.....@@..@....@.........@@..@.@@@.@....@...
.@.@.....@....@.......@@..@@...@.@@..........@.@...@.@...@...........@...@@...@@.@..@.....@....@..........@...@..............@..............@........@.............@.....@..@....@....@@.@..@..........@....@...@...@@.@..@..@@@...@............@................@............@..@.@.@...@..@......@.@.......
..@@.@@........@@..@.@@..@..@@.........@.............@....@..@.....@..@.......@......@@.@..@...@.......@@.@@..................@...@.@.@............@...@@.......@.@..@..@@@..@........@..@...@.@@.@.@@...@@.....@.@..@.@...@.........@@....@...........@.@.@......@.@.@..@@.@.........@...@@@.....@@.....@...
..........@.........@..@.......@....@..@..@....@............@.@.....@@@.......@...@@..@....@..@.........@....@@.......@@.......@@...............@.@..@@....@@..@....@...@......@@....@.......@@@.@@..........@@@.@...@.@...................@......@.....@..@@@.............@...@....@...@.......@....@.@.@...
@.@.......@...@@.@.@.@.....@@.@...@@...@.....@....@...@...@@@....@@....@........@........@..@..@........@....@..@.......@@.@..@..@.....@.@.....@.@....@.@@@....@@......@@@......@..@...@@@....@@.@@@@..........@.@...@....@@.........@..@..@@@...@......@..@@.....@.@....@..@..@.............@@...@.....@@...
@@......@.@...@......@....@.....@..@.@...@@@.@.@........@@..@..........@....@..@......@.@@.@.......@...............@@.@....@@....@..@.......@.@@....@...@.@.@....@..@......@@.....@........@....@........@@..@......@.....@@..@..@.........@..@......@.@..........@......@...@.....@..............@@.........
....@@.....@@.......@...@.@.@..@.@.......................@.@.......@...@.....@...@.........@@.@@.@..@@.@@........@@.....@............@..@.@......@.@.@..@......@..@......@.....@........@............................@.@...............@.@.@.......@.....@@@@.......@@......@@....@...@..@.@@............@.@.
.......@....@@.@.@.....@@.......@.@.@@......@.@....@.....@.@...@.@.@.@..@..@...@..@....@.......@.......@.@....@.......@...@.@@.@..@.........@.....@...@.@.@...@..@.@........@@@..@....@@.....@....@.....@..@@.@.......@........@@@.......@..@..@............@....@............@..@.@@.@.....@..@...@..@.@.@..
..@.@@@..@@@....@@..@..@@...@.....@@..@....@...@.@..@.....@........@.....@@....@...@..@....@@@.@.....@.@@@........@.@@.@@........@@...@.........@...@........@.......@.......@.....@.........@......@@@..@@...@@@@@...........@...@......@......@.....@.@@.@.....................@......@.....@...@....@..@..
.....@@@.......@@.........@........@....@@..@@.@@@.......@...@..........@...@....@..@.@.......@....@@@.@...@...@..@........@@............@@@..@..........@...................@.....@.........@.@...@......@....@@@..@..@.@@..............@@........@..@...@@.......@..@....@.....@.........@..@.....@...@....
.....@.@.....@..@@@....@.@..@.....@......@..@@@....@.............@@...@..@..@..@..@.@.@.@........@.@....@....@.........@...@.@...@......@..@@....@.@...@..@.@@...@.....@.....@@..@@@...@..@@.........@.@...@...@....@....@@.....@.....@..@@...@..@@.......@@...@.@..............@.@@........@..@.@@@..@.....@
@@.@.@@...@..@................@....@.@..@@....@....@.@.@........@..@..@.......@.....@@..@@.........@@..@.@.@.@....@.@@@@@@..@...@...............@.@@.@.....@.@@..@..@........@@@...@.......@.@.......@@....@.@@@.@..@..@....@@.@.......@@.@@@.@.@....@.@...@.....@..@@....@.@...@.@...@@.@.@........@@.....@.
..@...@..@@..@...@.@@@.@.@.@...................@@..@@.@..@@..@.....@.@........@.........................@.............@.......@................@..@....@.@@@...@..............@..@...@.........@.....@..@.....@...@@..........@@....@.....@....@.....@@.@.......@........@......@.@.@@@....@@...@..@.@...@@@@
@.@......@........@..@@.@@.@.....@.@@@....@@.@...@.....@...@...@..@......@..@.....@...@.@............@.@.@@.@.......@..@.......@.@@......@...........@...@..@...@.@@.......@@.@..@..@.@..@....@@.@...@..@....@.@@...@......@..@....@.@.@.@@.@...@..@..@...@.......@......@...@.@.@........@..@@..@...@.......
............@@.@......@.......@........@@...@..@@..@..@...@.@@.....@.@...@........@@@.@....@.@@@@...@.@@...@..@.@.@....@.....@...@...@@..@........@.@.@...@@@@@.@.......@@....@@......@@...........@@....@...@......@@@.@.....@........@...........@@@....@...@.@@...@..@.......@.@.@@@.......@.....@....@@..
...@.....@..@......@.....@..@...@.....@...@...........@...@@@.........@.@...........@..@..@.........@........@@@.....@...@...@.@..@..@...@........@@@.......@@...............@@@.@@....@.@..@....@@......@@@..@.........@@.@..@..@.@..@..........@.............@@@...@.@..@.@@@...@..@.....@.@.....@..@.@...@
@.@..@....@..@..@................@...@..@........@..@..@@......@...@.@....@.............@@.......@..@.@@.@...@.@..@.@@..@.....@..@.....@..@......@..........@..@.@@.@.....@..@....@..@.......@...@@.....@...........@..........@...@...@@@.@@...................@........@@.....@.......................@....
..@.@.@..@.@.........@.@..@.@....@............@..@....@..@@.@................@..........@..@...@...@..@.........@......@..@....@@..@.@.@...@@@....@.......@..@@@...@@.@...........@.........@@.@@..@..@.@.@..@...@..@@...@......@..@......@....@@...@.......@.@........@..@...@@....@.......@........@@@.@..@
.........@......@..@...@............@......@@...........@@...@...@.@....@...@..@........@.@...........@..@@.@...........@......@........@@..@@................@....@...@@.....@...@@.......@..@....@....@.@@.....@........@@.....@......@..@...@@@@.@....@........@.@....@.......@@...@@....@..@.@@@@.@.@.@..
@......@...........@..@....@....@..@..@.....@@@.@@......@......@@@.@@.......@@......@.......@@.......@.@@......@@...@...@@@.@..@..@@.@....@.@..@..@..@@..@..@..@...@.....@@@........@........@....@@..@....@...@.@...@.@.@.@.@..........@.........@...@@......@.....@...@.@........@@.@...@@....@............
.@@@....@.@....@.@.........@..@..@..@.@@.@.@@@..@..@.............@@...@.@...@........@.@..@@....@..@.@..@..@.....@.......................@@....@...@.@....@...@.@..@..@@...@..@@............@..........@...@.@.......@.@..@@@........@....@@..@.@...@.....@...@..@.......@.@..@@.......@..........@.@@@......
.@...@..................@....@......@@.@@..........@....@...................@...@......@........@.@.@....@.......@.....@@..........@....@..@............@.@..@....@@..@.@..@.........@...............@@...@.....@...@........@.@....@..@.@.............@@@........@.@.....@..@@...@......@.......@..@..@.....
..@..@...@@.....@..@....@...@............@..@.@.@....@......................@..........@.@..@....@@...............@@@..@...........@.@..........@@@...@..@...@@....@...........@@@.....@........@.........@..@@.......@@@..@...@.....@.@...@.@@@@.....@@.....@....@@...@...@....@.....@..@..@@......@@@...@..
....................@@.@......@........@@..@..@@.......@.........@.@@..@@..@..@.@.@...@.@..@......@..@...@.......@.....@@..@.@..@@...@.@.@....@@.......@...@..@...@.@..@.@...@.@...@..@....@@@..@.@.@.@.@..@@....@@.@.........@...........@......@.......@@@@...@........@..........@@....@.@.@.....@.......@
..@.@@.@....@..@.@@@.@@@.............@.@.@@........@.@....@..@@@@@@.@..@@@.@.@.........@@..@.@@.@..@...@.@@..........@@.@.......@.@@..............@.......@......@......@.@...........@@......@.@...@..........@.....@@......@@....@......@...........@.@.@....@.....@....@...@..@.......@...@.....@.........
...@@@................@@...@@..@...........@.........@@..@..@...@..@..@@....@...@.@...@@........@...@@...@..@.@......@@@....@.@.......@.......@............@@....@.......@@..@@.....@....@.@....@@.....@@...@.....@....@.....@..@.@..........@@@...............@....@..@..@..@@..............@.......@....@..
@........@..@.@@.....@..........@@..@...@..@............@...@..@....@..@...@......@...@........@.@......@....@@@.......@...@.......@....@.@.@.@.@@....@...@...@...@..@@@@.@.....@@.....@....@..@@........@@.........@.....@...@.......@.......@.@......@@...@........@..........@...@......@.@...@@........@.
.....@@@.....@....@@.@.@...@..........@.@......@...............@......@@..@..@.....@.@.....@..@...@.@.@.@.@...@@....@....@..@..@..@....@.....@@..@.@@....@.......@.......@.@.....@@.@...@.@..@@@..@..@@@.....@...@..@.@....@..@@........@..@..@....@.@@....@.....@.@..@@.@.........@...........@......@......
.........@.@....@..@.......@.@@..@...@@..........@.@...@.@...@@.@@.@@.......@..@.@....@......@.....@.@.......@@@...@.@.....@...@....@.@@....@........@...@..@.@...@......@@.@@...@@.@@.@..@@@@..@.@@@.........@...@.......@@.....@.@..@...@.@...@..@...@.@...@..@@...@...@....@@@@.@@.......@.@.@.@..........
@@.....@@.@..@@....@......@......@@.@@.@@@.........@...@.@..............@@@@..@..........@..@@.......@......@...@....@..@.@...@@.@..@@...@...@.....@....@.......@@....@......@@.@..@.@@.@@.....@.....@@@.@@...@@.....@...@...@.@.....@.@@@..@.@...@@@..@@.........@.@...@......@..@...@...@.....@@.@......@..
.@@..@.@...@...@........@@.@...@..........@@...@...@.......@.@.@@.........@....@...@.@...@..@@........@@....@...@..@...@....@.....@.@...@........@.@.....@....@@@.......@....@@.....@.....@@...@@.....@@.....@.....@@.@...@@@..@@.@...@.@...@..@...@........@....@@@.....@...@.....@..@....@.@..@.......@....
..@..@.@..@........@...@...@.@...@.@......@.@@@.......@@....@.............@...@.@@....@@@........@....@...@.@.....@@......@....@@....@@.@..@.@..@@......@......@....@@..@......@@@@.........@@..@........@..@.@..@@.....@..@...@.@@.@..........@@.......@......@.@.@.....@@..@@..@.@...@.@.@.@......@@.@.@.@.
...........@.@@........@...@...@......@....@.@.............@..@@.....@.....@.....@.@.@..@..@@.@..@@.@..@@...@.@...............@....@@.@.@..@..@@@.........@....................@@.....@..@..........@....@@@@.@@@..@.@....@..@..@.@@.@..@..@.@.@@@.........@....@...@..@...@..@......@..@..@.@...@@.......@..
...@......@...@.....@.@@....@...@...@.@..@...@......@@.@.....@.@..@.....@..@..@.@.@...@@@.........@@@..@..@.@.......@.@......@@@......@@.....@@......@..@..@..@..@.....@.....@@....@.@@..@.@..@@@@....@.@@...@.......@..@....@..@.....@.........@@@@..@..@.@..@...@@@@....@..@....@@......@.@...@.......@...@
@@..@.@@..@@.@.@.@.@..@@@..@.......@.......@.........@.......@..@..........@.@@....@.@.....@....@@@......@..@@@..@....@...........@@........@...@..@.........@................@....@@@@@@@...@....@.@@..@....@....@........@...@.......@@.@..@..@....@......@.@.........@..@.......@.....@........@......@..@
..@.......@.........@..@....@.@.@@......@@...@.@..@.@......@....@..........@@....@.....@.@....@...@@.@...@..@.@.....@..@....@.....@..........@@...............@.@@@.........@....@.@.@....@.....@@..@.....@@..@.@.....@.......@........@.@..@...@..@....@.@..@.@...@@@@....@.@@....@......@...@@.....@..@@@..
......@...@@@..............@.@.@....@@.@........@.@....@.@@.@@@.....@...@...@...@......@................@.....@@.@..@.@...........@..@.@.....@..@.@...@@......................@...@@.................@.@.@@..@...@...@@@.@.....@.....@....@.......@@...@.@..@@.......@..........@@.....@@..@..@...@@.@..@@...
...@@....@...@@..@.@.@@@.....@......@@...@.........@.......@....@.@.@.....@...@............@.....@....@...@..@..@.............@.@@.....@..........@.@....@.....@...@..@...@.@....@.@.@....@@@......@.......@@............@.@.@...@...@@@..@@..@@......@................@.@.@...........@.@....@........@...@.
.........@.....@...@................@....@...@...@............@.@.@.@......@..@...@.@..@....@@..@.@..@.@@......@.@.@..@.@.@@...@@@@....@.@.@.............@.......@..@..@@......@@...@...@.....@........@@.....@@....@.@...@.....@.@@.@@.....@.@....@...@@....@@.@@.......@@.@....@@.@.@..@......@....@.@....@
@@.....@@@....@.@@..@@@@@..@...@@...@.@...@..........@..@...@@.........@.@@@.............@@@..@.@.@@.....@..@.@..@....@.@@...@@.....@.@............@.....................@.......@..............@......@@...@@@..@.@.@.@.@.@..@..@@@..@.....@@...@......@@..@.................@......@.@......@.......@@.@.@@
.@....@......@....@..@@.@.@@.@......@....@..@@@.@....@....@.......@..@.@.@........@....@.@.........@@@@@@.....@........@.@@@.@.....@@....@....@.@@.@...@@..@...@.@@....@.@.@.@.....@..................@..........@..@.@..@......@...@.........@..@...@.@.......@@....@..@...@..@.............@.....@.....@...
....@.......@@@..@@..@@..........@@...@.@..............@.@....@@..@..@...@..@@...@@............@.@@............@..@.@...@..@..@...@...@@.@....@@......@@.........@.@......@..@@..@..@..@....@...@..@@@.@......@....@................@..@...@............@..@..@......@...@......@..@......@.............@@...
........@....@.@.@........@.@...@@.@.....@@.@...@@.@..........@......@...@...@..........@..............@@@.......@....@.....@...@@@.@...............@.@....@.@.@@..@...@.@@.@.@..@.@....@..@...........@...@..@.@..@....@..@....@...@.......@......@.@..@.........................@...@@@..........@..@@@..@@
@.....@@.......@..............@@......@@........@....@..@@@......@.@.........@@@@...@....@.@@@@........@.@@...@@...........@.@@.@@.......@.@.@...@.....@.@.....@..@...@..@...@....@.@..@...@.@...........@..........@@.@....@.@.@@..........@.@.......@@.@.@...@.....@......@.........@..........@..........@
@@......@.@..@.....@.@.@@....@@..@.......@.@@...........@@@..@..........@@............@@..@.....@...@..........@...@..@.@....@...@.@....@..@.@..@............@................@.....@.......@........@.........@.@@........@.@..@.................@...@.@@...@......@...@.........@@...........@...@..@@.@@..
.....@.@...........@.........@....@..@.@@..@@....@@@....@..@.....@@@..............@.@@@..@.@..@..@..@..@.......@...@.....@............@@............@......@....@...@..@@....@.....@.@.@........@.......@@...@@@..@.@..@....@.@..@@.....@@@.@.@...@.@@...........@...@......@....@@.....@..@.@@......@.@@.@..
@....@@@.@...@@..@.@.........@...@.............@..@....@........@@........@...@.@......@...........@.............@........@@@......@.........@@.@@@@@.....@..............@@.....@..@.@.....@..@.......@.@@...@.@...@@.@..@@.........@.@@....@@.@..@..@......@.@..@.@...@....@@..@.....@@...@........@.....@..
.@.......@..@....@.........@@.....@.....@@.@.......................@.................@.......@.@.@@..@@.@.@...@...@....@.@....@......@.@@...@..@..@@@......@.....@@@@@.@@......@.@@@...@.@@...@....@@..@@..@.........@....@........@...........@..@..@.............@...@..@...@..@@...@.@..@........@........
@@.............@@......@@..@.............@.@..@....@..@@@.@......@...@.@.@............@.@@@.@.....@@..@.@....@..@.....@..@@.......@@.@..@......@..@@.@...@.......@....@...........@....@......................@....@...@@....@@...@.......@.@..@......@.....@....@.@@....@.@.@@....@..@@..@...@@@...@....@.@.
..@...@@....@.@....@.....@........@.@..@....@@.@@@..@...@...@@...@.....@..@....@..@@......@..@.......@..@.....@.......@....@...@@......@.....@....@.@..@......@@..@.@@.@..@..........@......@@.....@....@@.@@..........@@........@..@...........@@.@.@......@..@.@@..@@....@...@......@@@....@.@@.@........@.
@@@@..@..@.@..@.@................@.@...@@.@@.@.@@.@..@..@..........@.@@..@.@.@..@.@.@.....@.@..@@@...@....@..@.@.@...@...@....@......@@..........@@...........@.........@..............@@....@.....@...@..@.....@......@@.@@...@@...@.@@.............@@@@.@..@@@...@.@@@@.....@.@.@..@..........@@@.@........
@@.........@......@@.@......@.@@@.@@@...@.......@@.@...@.@.@.........@...@.@..@......@.......@@....@.@......@.@@.@.......@...@@..@@.@.......@..@..@...@........@.............@@...@.@.@.@..@..@..@..@@...@@.@.@@.@.@...@@.........@..@.....@.......@@@..@@..@..@...@.@....@....@..@@@.@.............@..@.....
..@.......@....@.....@..@.@@...@.@..@...@@.....@............@.@...@.....@...@.@.@.@...............@.@......@.@.@@.....@.@.....@@..@.@...@........@..@@....@.........@.....@..@...@.@.@@@..@.@..@..@...............@....@..@....@@..@...@...@@@@..@....@..@....@...@.@..@.@.@@.................@.@...@@.......
@.@@....@.@...@.....@.......@@..@.@..........@.....@....@.@@....@@..@...........@....@...@......@.....@.@.@......@.....@@@.....@.@...@.....@.@...@..@..@...@@........@...@@.@...@...@....@.@.@...........@...@.....@..@......@...@@.@.....@....@@.@@.@@....@....@@...@.@@..@@.@..@....@....@....@....@..@@...
..@...@@.@.@......@...@@.......@@......@..@.@@......@.@...@...@..............@....@...@@@..@..@.............@......@.@.....@@@@..@........@.@....@@..................@..@.@.@....@@.@......@..@@@..@.@......@.@......@.........@@.@..@........@.@...@.@...@.........@.@@@@...@.........@...@@.@..@..@@..@.@..
@@....@....@@@@..@..@..@....@@.@....@@.@@@....@.@....@.....@@..@.@@..@..@..@...@..@......@.........@..@.@.@.....@.......@...........@..@...@...@...@.@.@@@...@...@..@........@...@....@..@.....@.@....@.@.@.@.@@.@..@@.@................@....@.@@.@...@......@.@.....@...@...@@.....@@.@.....@@.@@..@@..@@.@@
...@@.....@.....@...@..@@..@...........@@.@@@.@.@...@...@.............@@.........@.@...@....@.@.@...@@...@.......@....@@............@..@.@.@.@..@...@.@@...@..@@.....@@......@.@....@@.@...@.............@.@.@.....@..@.@@..@........@.............@@.@....@..........@..........@..@.............@.@..@@.@..
............@....@@..........@@.@..@.@........@............@..@..@@...........@..@....@@.....@.....@....@@@.............@......@..@@..@.@...@.....@@.......@...@@...@@..@.@...@....@@..............@.@.....@..@...@.@..@@............@.@@.@...@.@.....@.@@......@.@....@.@..@........@@.@...@@....@..@@.@.@..
.@.@...@..@......@.....@..@....@..@.....@........@.@..@@..@.@....@..@@@@.......@...@.....@@..@....@@.......@@..@.@@@.....@@....@....@.....@@.@...@...@...@..........@@.....@.@.@.@....@.@........@@...@.....@........@..@@@@....@........@.@...@.@................@..@@..@@@...@...........@.....@@@..@...@..
..@.@..@.....@...........@@........@......@.......@.@..@..@.@...@.@...........@@@..@....@@@......@.......@..@......@..@........@@.@@@....@..@..@..@...@@...@@...@.....@..@@....@.@@..@....@.........@....@...@@...@@......@....@..@........@..........@.................@@.....@.......@......@..@......@@..@
..@......@@.@....................................@.....@..@@@......@....@@..@............@..@@......@.......@.@......@...@..@.@...@...@..@@@...@.@.@..@...@...@..@...@..@.@.@.@.........@@....@...@.............@@@@@.......@......@..@..@.@.@.@.@...@..........@@......@...@@........@.@.@..@......@@.@.....
........@@.....@...@@...@.....@....@..@.@.@...@@.@.......@.....................@@..@@@........@@.@...@@.@@.....@......@.@.....@@@.@@.@@...@@....@@....@...@..@@.@...@@.@..@.@@.....@...@.@..@....@@..........@...@...@@@..........@@..@.@.........@.@..@.@.@.@.@...........@@....@..................@.@@.@...
.@..@.@...@......@.@@@......@..@.@@..@...@....@....@...@....@@.@....@....@@.@..@@.....@..@.@.....@.....@.....@@.....@..@@@@.@.@.@.....@.@@..........@....@.@...@..@...@...@.....@...@....@..@..@....@..@@..@...........@.@...@........@..@.....@...@....@..@.....@.@.@...@@...@...@.@..@@.@@.....@..@....@@..
...@.@@.@..@.@@...@..@..@................@@...........@........@......@.......@.....@..................@@.@.@..@@..@..@.@..@.....@@@.@.............@@.@..........@.@@.@....@.@@@...@.....@..@.@.@@.....@@.@.....@..........@...@.@@....@.@......@..@.@...@.@@...@.......@...............@..@.@..@.@@......@@.
.@@.@..........@..........@.......@......@.@....@.....@..@@.........@@.......@....@.@.@@@..@....@.@.@...............@.@@.@.@.@@......@@.@...........@.....@.........@...@.@.@.@....@.@.@...@..@............@......@.........@.@@.....@....@.....@...@....@.....@@....@@@@.@.@@@....@..........@..@....@@....@
.@....@...@.@....@.@@.@..@.@@..@...@......@..@....@......@....@@.....@..@@.@....@...@..@....@.@.@...@@.............@............@@.@....@@.@@.@..@.@..@....@.....@.@@@@..@.........@.....@.@.........@...@........@@@..........@.@.@@......@@...........@@...@.@..@...............@.@...@...@@@.@......@..@..
@........@........@.........@.....@...@....@.@.@.@...@@.....@.......@@.....@@@.@..@@..@@...@@.@.........@...@.......@......@..@......@.@......@@...@.......@..@..@.@....@..@..@.......@.@.@@@.@...@.@@@......@..@@.......@....@..@@...@...........@....@@.@.@....@....@.@..@.@...@....@....@.@..@..@.........
.@..@.....@...@.@@@.@........@..@@.@@......@.@..@...@..@..@..@@.....@@....@..@@.@....@.....@.....@..............@.........@@.@.....@...............@.@...............@.@...@..@..@.@@...@@@..@.@......@.@.@@.@..@.......@....@..@...@.@......@....@.............@............@.@.....@...@...@@@.............
..@......@@.......@...@.@.@..@..@@............@..@@........@.@.@.@....@@@...@...............@......................@@..@..........@......@.............@.@..@.......@.@....@....@...@@@.............@..@..@...@...@...@@...........@@..@....@...@....@............@..@@......@...@@@@...@.@.@..@..@..@@...@.@
..@@.@...........@...@@......@....@...@...@...@.@@........@.@....@...@.......@.@...@....@...@@..@@@@....@.........@..@@...@.....@..@......@...@@@......@@....@..@....@.@@.@......@...........@@.@@........@@.@.@@@......@@.@...@@.....@.@.@....@.@.@......@.......@...@.@......@.@....@......@...@...@@..@...
....@@@...@.........@..........@.............@..@.......@.@....................@.@...@@.@.......@........@..@@..@..@....@........@.....@..@.....@.....@.....@..@@.......@@..@@@.@@.@....@.@@.......@@@........@..@..........................@@@..@.@.@@..@@..@..@.......@..@.........@....@......@......@...@
...@@.@@.................@..@....@..@...@..@.....@.@@......@......@..@..@.....@@..@..@.@@@...@....@..@..@..@@......@...@@..@....@.....@.@....@...@..@.@@@.@..@..@..@@....@...@..@@@@............@.@.......@.@.........@@.@.@.....@......@.@...@@...@@@..@....@...@..@@....@.@....@....@@.........@...@......@
....@......@@@.......@@....@..@...............@...@..@...@.@@.@.@........@......@........@@@....@@.@....@......@@...@.....@........@...@....@@..@.@@@..@..@...@.....@...@........@...@...@@.......@....@...@.@....@..@...@.@.....@....@.@.@.@...@..@..@.....@....@..................@.@..@..@@@@@...@.@......
.....@......@@@.@@...@@@...........@@...@.........@..@@......@@........@.@....@@.@.@@...........@....@@@.....@......@...@@.@...@..........@@..........................@.......@.....@..@....@.......@@..@.....@.@.........@@@..@@.@.@.@.@@..@..@@@......@....@............@...@...@@.@....@.........@.@..@...
.@@@...@...@.....@.@@....@...@.@..@..@.@@....@@..@.....@.....@...@..@..@...@......@..........@.....@....@..@...@....@.@@.@.......@...@@..@@@..@..........@...................@.@@.@.@.......@.....@....................@...@....@.@@.....@...@@@@.@.@.......@...@......@.@....@......@....@@@....@.@@...@.@.@
.......@.@@....@..@....@@.@@.@.........@@@.....@@.........@....@...@@.......@...@@.@..@.@@@.......@.@....@.@@@@...@.....................@..@.@.....@....@@@@........@.@.....@..@...@@@....@.............@.......@@......@.@@@@...@...@...@@.@.........@......@..@.@...@@..@.@......@....@@@..@@@@.@...@.....@
.@@..........@@....@.@...@...@.@....@......@...@....@@...@.....@..@.@............@....@.@..@@.@@.@.@....@............@.@..@..@@...@..@@.@@@@....@.@.@...@........@.@@.......@@...@.@...@.@..........@........@@..............@..@@.........@@@.@...@......@@....@@....@..@.......@..@......@..@...@....@.....
@@@..@@@................@.....@..@@..@.............@.....@@.@.@@......@..@...@..@.....@@.........@@..@@......@.@@.......@@..............@....@.@..@@@@......@.@.....@..@.@.@@.....@@..@.@..@...@........@......@.....@..@..........@.@.......@....@...@..@@@...@.@..@........@.@.@.@@@@.....@........@.......
...@.@.@..@.@..@...@.@....@.....@.@@..........@...@...@......@@....@@@...@..@..@..@..........@........@@..........@...@......@..@@...@..@..@.@@...@@.....@.@......@..............@.....@.@.....@@........@...@...@..@...@..@...@.............@.@.@..@@.@...........@..@.@......@.............@........@...@.@
...@.@......@@.....@.@....@...@........@....@@.....@....@@..@@.@@..@@@......@.@..@.....@......@...@...@.....@.....@@.@@.......@..@..@......@@...@.@.........@....@..@.@@@@.....@..@.@...@@@@.@.@.....@.....@.@....@@..@..@.....@.@@.........@......@..@...@@@..@.@.......@........@....@...@.@......@..@.....
.@...@..@@.@@........@@@.@@...@.@@.@....@........@@....@..@.@@..@..@@.....@..........@..@.....@......@...@.@............@@@........@...........@..................@.....@.....@..@......@@..@@...@@...................@@.....@@..............@@..@..@.....@................@.@.@..........@.@.......@....@.@@
@@.......@@.@@.........@..@...@....@...@...@.....@........@.@.@........@.@@.........@....@..@.....@........@.@.@@@@......@..@..@..@@@..@....@.@..@...@....@..........@@.............@.....@....@@.@....@@.@...@@.@..........@@@.........@.....@.@@.@....@..@.@@.@...@..@.@..@.....@..@@@.......@...@......@@.
...@@......@.........@...................@....@@.@@............@.............@...@....@@.@@.@.@....@.@.............@@.@.....@.......@...@...@.@.....@....@...@.@@@..@.......@.......@.@.......@@............@...................@..................@.@.@....@..@@...@..@@@......@..@@..........@.......@.....
..@@.@...@@@..@.@...@@@@..@@..@.....@...@@.@.@.@.....@.@........@............@..@.@.@..@...@@@@..............@@....@@..@..@@.@..@.@..@...@...@@........@@...@.@..@.@.@..............@@@...@@.@...@....................@@@..............@....@.@@.@..........@.....@.....@.@.@.@.@@.....@...@@...@..@.....@...
..@.@...@...@@........@.........@..@................@.@@..........@.@.@........@@...@.@.@...@...@......@.@....@@.@..@..@...@.@........@@@...@..@...@@@@..........@........@....@................@..........@..@.@..@@.@@...@..@..@.@@...@@..@.@...@...@@..@.@.......@...@@..@...@..@@..@.@@@...@.....@.......
........@......@.@.@@....@@.........@..@...@.....@...@..@..@..@...@..@@.....@......@..........@@.@@......@....@@....@@...@.....@@.@......@...@...........@...........@@@.............@.....@.@..@.@@..................@....@..@...@.........@..@...@@...@.....@.@@.............@.@.......@..........@....@.@.
.............@@.....@..@@....@......@..@......@...@@....@...@....@@......@....@.@@@........@........@...@.@@.....@..@...@............@.........@.@...@........@.@.@@..@@..@..............@.@.@@.........@..@....@.....@.@..@@.@...@@.@.......@....@.......@@....@@...@@..@@@.....@......@@@@...@@.........@..
@..@@.....@.......@...@..@@......@.....@@..@..@...@......@.@@@.............@......@....@...@..@.@..@@@...@....@.@@.@.@.@@..@.....@.@.....@...@....................@...@...@.@......@@.........@.@@.@....@.@.....@.@....@.....@.............@.........@.@............@@......@........@..@....@.@.@........@..
...@...@..@.@....@.......@..@......@.@.............@.@.......@.@.............@@....@........@..@.........@...@..@.@@@.@...........@.........@.....@.............................@@.............@...@.....@........@@..@..@.....@@..@..@.....@..@..@...@@..@..@.@.@.@@@@...@.....@......@@.@....@@.@...@@.....
.@.......................@......@@.....@...@..@...@@@.......@.@................@..@..@.@...@.......@...........@.@.@@@....@@.@.........@....@@.......@.@......@@........@.@.....@......@...@.@@.@@...@@...@.@.........@@@..@.@@..........@@@.@......@.@.@.........@@......@..@@.....@.........@...@..@.@.@...
...@..@.@..@.@....@@...@.@......@...@.......@.....@...@.@.....@.....@....@.@.@@...@.....@...@@......@.......@.@@...@....@....@.....@@...@.....@....@.@@....@.@.@........@..................@@....@..@@.....@..@......@........@.@.@.@@.@...@@@.@.........@..@@..@...@...@.@..@....@..@...........@...@.......
@..@.@.....@......@.@.........@....@........@.@..@.@@...@..........@@@@...@......@..@.@.............@...........@..@..@.@....@.@@..........@.@.@@............@@.@@.@....@.@..@.@..............@..@...........@...@.@....@@........@.....@........@.@..............@..@.@.....@..@.........@@..@.........@...@
........@.@.@....@.@.@.......@..@.....@..@....@..@..@.@.@@@..@...@@.......@...@......@@@.@..@@@.@......@@@......@..@..@@....@@..@@.......@.@......@....@.@.@@...@@.........@......@....@@.....@@.@....@.@.......@......@....@...@.......@.@.....@....@.@@@..@...@@.@.@........@@.@...@...@.........@@.@......
@.@..............@...@..@....@..@..@.....@....@....@@.@@@..@.......@.@@@..@@...@@...@..@.@...@...@....@...@.....@..........@@....@@.....@.........@.@......@...@@...@..........@.@..@...@........@........@..@.............@@.@@.......@@.@......@@@..........@.@@..@..@@.@@....@.........@@..@..@@@..@......
@...@..........@.@.@@.........@.@...@@...@@.@@..@....@.....@..@...@.@@.@@@...@...@.@.@.......@@..@........@...@..@....@@.....@@@...@.@..@..@...@....@...@......@.@...@@@.....@.@@.@@.@.......@..@..@@@..@.....@..@@.@.@...@..@.....@......@..@..@....@.@.@@.@@...@...........@@......@..........@.......@@..@
@@.....@.@...@......................@.@.....@........@...@........@..@@....@...........@..@...@..@.@.@.@@.@.@.@............@..@..@@.....@.@.........@.@.@..@......@.@.........@@...@.@........@@..@..@..........@@....@..@....@..@.....@.....@.@.@..@...@..............@..@@..........@..........@.@...@.....
.........@..@.@........@@.@.@.....@.@.@.@.@.@@...........@...@.@..@.....@@....@.@@......@...@......@......@..@..@....@@....@..@..@..@...@..@............@.@....@@.....@...@@@...@.........@...@@...@@..@.....@.....@@.@.@.@.........@@...@.....@@@....@@@....@..@....@..............@...@......@@.....@....@@
@...@@@.@....@@.....@.@.@...@.@..........@.....@@...................@.....@.......@@.@@@@@@..@.....@@.........@..@@@.@..@.@@...@..@.@@.@@..............@@........@....@.....@@..@..@....@.@...@@.@....@@.......@@....@.@...@.@....@.......@.....@........@.@.....@@......@@@@.@@@.@....................@....@
@...@@....@.@.......@@....@..@@.@@...@...@@@.....@..@..@..@...@..@@...........@.@.@.@@@@.@..@..@...@.....@...@...@................@@....@.@......@...@.@..@@...@@..@....@..........@@@.@.@@@..........@@.......@.....@@......@...@.@@...@......@@@.@.........@...........@@.......@...@@..........@..@..@.@@.
.@....@.@...@.@@......@........@.........@@..@.@....@....@.......@@..@.@.@...@@@.@...@@@@..........@...@.....@...@@.@@.@..........@.............@.............@.@.....................@@@..@.@.@.@.@.@@@...@@....@......@@..@...@@........@.@@....@....@.@@.........@.@.@@.@..@@.@.......@.@....@@.@....@.@@.
......@@..@@@@...@...@.@@@@......@@@@.........@.......@@..@......@.@..@.....@..@.@..@..@.@.@.......@..@...@.......@..@.......@.@....@...@......@.@.@..@...@@...@...@.@....@@@.........@@.....@.@.@@...........@..@@..@@@@......@.@..@@....@@@........@....@.@@@....@@.@..@...@....@.@...@@......@.@.@....@@@.
.@@...@.@.....@@....@@@.....................@...@......@.....@.....................@@.....@..@.......@....@.@..@..........@....@.@@.@.....@...@.@@...@.....@....@@...@.@......@@@....@......@.......@........@..........@..@@....@...@@.......@.@..@..@..@@..........@.....@........@..@..@@@....@.....@....@
..@@.@..@....@......@.@...@........@....@......@..@.@.@.@.......@.@.@..@.......@..............@.@.......@....@....@.....@@...........@.......@.@...@........@.......@..@@.@@.@..@..@.......@.......@@..@...........................@.@.@.@@.@....@....@@....@@..............@@...@..@...........@......@.....
....@.....@.@.@..@.....@.@@.@.@@@.@.................@....@@@..@@...@.......@@....@..........@............@..@.....@....@...@...@@...@@..@..@.@..@..@......@@..@@...@.@.......@..@@@@@@.@@................@.........@.@.@@..@....@.@@...@.@.....@@...........@..@@..@..@.....@.@...@.@........@.....@.....@@..
..@...@.......@@...@..@@..@.@..@@....@@..@.@@......@...........@..........@......@....@.@.....@...........@...........@..@..@....@@..........@@.@.@..........@@..@@.......@@@.@...@.......@.@.....@...@...........@...@@.......@..........@..@....@@@.@.......@@...@.....................@...@@...@..........
@@@@@@@.@.@..@.@..................@.@@@...@.@......@...@..@......@.@@...@...@...@.@@..@.@.....@.@...@....@...@..@....................@@@......@@@.@...@...@....@@..@.@@...@........@@@..@@....@@...........@.......@@@@@@..@......@....@@....@.@.....@..@@........@.....@@.@@@...@@.....@@..@.@.......@@....@
..................@.@.@.@.....@........@..@.....@@.@@.@..@..@@@@......@....@.@.@.......@...@.@.@........@...@.@..................@..@...........@...@..@@.........@.@.@..@.@@..@.....@@..@@....@...................@.@.@..@.....@.@@...@....@@.......@.....@.@..........@@...@....@@....@.@..@...@.......@@@.
.@........@.@@.@..@.@...@....@...@...............@...............@@@..........@@.@..@.....@@@...@....@..@..@..@.......@.@.@.@........@...@@........@@...@@@@..@@.@.@...@@....@..@.........@@.@...@@...@.@...@.@@.@.......@@..@....@@....@.....@@.......@..@...@.@....@....@...@..@....@@...@...@@.@..@.@..@@@
.......@.........@...@.@...@.....@.@..................@.........@...@...@..@.@......@@@@@....@...@...............@@..........@@@@.@@......@@...@@.@@..@......@@.@@.@@...@...@.@.........@....@@@.@...@@@@..................@@.@..@...@@........@@@...@@......@.......@........@.....@..........@..@@..@@.....
..@..@..@.....@.@.@.....@.@......@@..@@.@........@....@.......@...@@.@....@..@@..@...@@.....@.@@..@@@.@@...@..@@.....@..@...@.@...@..@....@.@....@@.@....@@..........@@@...@.........@@..@....@..@.................@.@.@....@.@.@..@@.@@@@..@......@........@.@@@........@@..@.....@.....@...............@..@
........@.......@.....@.@...@..@.@...@..@@@.....@......@................@....@.@@.....@.....@@@....@..@.@@.@.@..@........@..@..@.........@.......@....@@...........@........@..@......@.@@.@.@.@.@@@..@@....@........@..@.....@.@.....@.......@...@.@...........@@.........@....@.@............@.......@..@@.
@.....@..............@......@..@....@..@@..@..........@....@.@..@........@@....@@.@@......@......@@..@.@.....@@.....@@.....@@..@.@..@@@.@.@...........@....@...@..........@..@........@.......@@...@@...@.....@@..@......@@@@......@......@.@.@@@....@@@...@......@.......@.....@@........@.....@...@..@@@.@.
..@....@.@..@.@............@@..@.@.....@........@..@@.@@.@@@.......@.@@....@.....@....@.@@..@...@.@.@..@@..@@...@.@@.@..@.@..........@@...@..@..@..@.@@.@.@.@.....@...........@@..........@........@@.......@.@.........@...@....@.@....@.@@@..@@@.@.......@..@.@.@.@.@.@.........@.@....@@...@..@...@@@...@.
......@...@.@.@.@...@@@....@.@......@....@..@@@@..@......@.........@..@..........@...@...@.@.@.......@.......@....@..@....................@.@.@....@..@........@...@@.@......@.@...@@...@..@..@..@..@.@..................@@..@..@....@@.......@.@@@...@.....@@....@@@....@.........@.................@.....@.
@.....@..@...@@........@@@..@.@@........@...@.@.....@@...@....@.....@....@.....@............@...@.....@@.@...@.......@.....@.@......@....@@..@@.....@.....@.....@@.@....@@........@...@@.......@.....@....@@..@.@............@..@..@....@..@...@@.@..@@....@....@.....@......@@@.......@@.@.....@@....@.@...@
..@@......@....@..............@.@..........@....@..@..............@...@.......@.@@@.....@@@.@@.............@@.@@.@..@@.......@..@@..@@....@@.......@..@........@.@..@..@@@.....@.....@....@@@@..@............@@@......@@.....@..@..@.@.@@.@........@..@.........@@...@.@.@..@...........@@..@@..@@@...@...@..
@.@...@@@..@.@...@....@.@...@..........@.@...@....@.....@@...........@.......@..@..@.@@@...@....@...@.@....@..@.@...@@................@...@@.....@.@@@...@.@..........@@..@............@.@...@@.......@@..@.......@@..@.@@.....@..@.....@@@.@.@@.@.@..........@....@...@......@....@@...@........@...@@@.@..@
@..@@......@.@......@..@..@.@.@..@..@..@@@..@..................@@@@...@@.@......@@..........@......@..@..@..@@@@...@...@.@...@@........@@..@.@.@@.@..@.......@..@@...@.@.@..@.@....@.......@......@.....@.@@..@@.@.....@...@..@@.@@.............@...@@.....@.@....@......@.....@......@@.....@............@@.
..@.....@....@........@..@@...@.@....@....@..@@@..............@@.@....@@....@..@..@@..@@....@.@@.@...@..@....@......@.@.@...@....@@..@@..@..@...........@....@@...@@@.@@....@@@@......@@.@@.@...@@........@.....@.......@......@.@.@@....@...@.@@......@...@..@..@@.@@...@@.@.....@.@@@.@.@.@@.......@..@..@@
....@..@....@@@.......@@...@.@.@@.@@..@...@..........@..@@.@@.@.@...@.@.......@@@@...@.......@@.@@@.@@....@@..@@@...@@.@.@.@....@@.@..@..@..@...@.@.........@....@...@..@..@..@....@@......@.........@@.@.@@......@.@...@@..@@...@.@.....@.@..@..@@.@.@.@.....@@.@..@...........@@...@@..@...@.....@.........
.........@.....@..@.....@.@......@@@....@@@....@......@@.@..@...@.....@.....@.@....@.@@..@.......@@...@@@...@.@..@.......@@@......@........@..@@......@@....@..@.@...@..@..@.....@....@....@.@.@...@@.............@......@.....@.@...@.........@@@@@..@..@@..@@...@.......@....@.@...@...@............@..@@@.
.@@...@.........@...@...@.........@....@........@......@.@...@...........@@@.@.....@....@....@@...@...@....@.@@@......@...@..@.@@..@.........@.@@..........@..@........@..........@@.@..@.@.......@..........@....@@.@....@..@........@....@@......@..@.......@..@...@@..@..@.....@...@@....@...@..@@...@....
@......@@...@@@..@@..@..@.@......@.@..@...@.@...@...@.....@..@.@@.....@........@@...@...@..@@.@@@@....@.....@...@....@@..@@.@.@.@.........@@......@..@.......@@@......@.....@................@......@........@.........@@.....................@..@...@.@@..@@..@......@.@@......@.@@..@....@......@.@.@.....@
..@.@@.@.@..@...@......@....@@..@..@@.@.........@@.@.....@.....@@...@......@....@@@....@..........@@.....@.@.@.@..@....@...@.@...@@@.....@@..@.@....@.@@...@.@.@.................@.......@...@....@@.@..@.@@@...@.@..@..@...@..@@......@@.@....@.....@.@...@.....@.......@...@@...@..@.@...@@.......@........
.@@....@@@@....@.........@.@.@.......@..@......@....@....@@..@.....@...@......@.....@......@.......@.@.@....@..@..@@@........@@.@@@@...@@.@..@@...@....@.@@.....@...@.@@..@..@..@@@............@@.@.@.@.@.....@.....@..@..@....@@.......@....@@@@.........@.......@...@.@@.@..@@.......@......@.@..@......@..
.@...@.........@...@.@....@@.......@@..........@.........@@...@....@.@@...@.@.......@.....@.........@..@.....@.......@@...@.@....@.@..@...@..@...@........@..@....@.@.@@...@..@..@.......@....@@@..@.@..@......@.@@@.@.@..@..@...........@.....@.@.....@...........@...@..@.@.@........@.....@.......@.@..@..
@.@......@.@.........@.@..............@..@@...@.@......@.....@.@.@.@........@@@@@.......@.@....@.@..@@...............@...@............@.@.@..@.......@@..@.......@...........@.@@.......@@...@...........@..@@..@@......@.......@.@...@@.@..@.@...@..@...............@.....@.........@.@.....@....@.@@@......
.@.@..@.@..@..@@...@@@.....@..@.@.......@@...........@.........@@.@..@.........@@@@....@.@.@@.@............@...@..@..@.@.@...@.......@@..@.@........@...@..@.@.@@.....@@....@..@@.......@..........@@.@..@...@.....@...@.@...@@.@@...@.@..@.@......@..@.@@.@..@..@......@......@.............@@@....@@..@..@@
.........@.........@@..@....@.@..@.@@...@......@@@..@..@@..@@....@@....@@...@..........@@.@.....@.@@..@@.................@@@..@...@...@@@@...@...@..@@@@...@@....@.@....@...@....@.@...@.....@@.@......@..@.........@..@...@.@..@.@........@...@........................@.........@.........@.........@@.....
.............@@....@....@.....@.@..@...@.........@@.......@..@@..@.@..@......@..@.@......@..@..@@@.......@@@...@@....@............@..@@@..@@......@...@.@.....@...@@.....@@.@....@....@@.........@..@...@............@.@...@..@@.@...@....@@@...@..@...@..@.@@.@.......@....@.@@..@...@@@@.....@@.@....@.@...
@...........@........@@........@....@@....@@....@.@..@....@....@.@@........@.@..@...........@@......@..@.@...@..................@@....@@..@....@..@.@..@....@@.......@.@...@...@@.....@@@.@........@.........@...@...@......@...@.@..@...@....@..@......@..........@..@.........@..@....@.@@...@.......@.....
.@...@...@...@..........@@..@......@.........@@@..@.@..............@..@.@@.@.@.....@..@.@..@@..@...@@....@@...@...@...............@@@...@.@......@.@.@..@.............@@...@.@@..@.@.....@.......@....@..@.@.....@.@@@@.@..@....@.........@........@.......@...@@...@...@....@..@......@.@..@...........@....
@@...@..@.@@@....@......@.......@.@.@@........@.....@.......@...@..@.@@..................@.....@.@..@...@........@.@.........@....@..@@@.@.......@@.@.@.....@............@.@.@..@.....@.....@...@.@..@@.....@....@.@..@....@........@@.........@.......@...@@.......@....@.@..@...@..@.@.......@.@..@@...@...
..@.@@.....@............@.......@...@...@..........@...@@.@@..@@.@@@..@..@.@.@@@.........@...@.@...@@.@....@.@...@...@...@.....@..@@..@@@...@......@..@......@....@.@....@....@@.@......@@...........@@@@@@......@.......@@.@@....@.........@..@......@.@.....@.@..@@.@@....@@.@.....@.....@.......@.....@...
...@..@......@..@..@.......@..@@.@..@........@....@..@@.@@@@.........@...@...@....@........@.@.@.@.@@.@.@@..@@@@.......@@....@@......@@@@..@...@..@..@.@.@..........@..........@.@@@.....@..@...@.....@...........@...@.......@...@.......@.........@..@...@.@...@@.@......@.........@.@.@@.@.@@.......@@.@@.
@...@..@@@..@@@...@...@...........@...@@..@.......@@.@.....@@..@@..@.....@.....@....@.@@@......@....@.@.@.......@@@.....@....@@@@.....@......@@..@@.............@..............@....@...@@.@@@......................@.@@...............@.@...@@....@@@...@@@...........@.....@@.@@................@...@......
@@@@@.....@@..@.@.@........@.@.......@...@@.@.@@.@..@..@.......@.@.@@..........@..@........@@........@.@..@............................@..@.......@....@.@.@.........@.......@.@..@..@.....@...............@...@.@.....@.....@...@......@@...@...@.@...@.@.@@..@@@.@@....@............@.@@...@.@..@.@..@@..@.
.......@.@.@....@@@..@.........@..@................@.@.......@@@..@...@.......@@..@...@...@..@.....@@@.@...@@...@.....@..@.....@@...@@@.@........@...@@.@@...@..@@@.@@............@......@@@........@....@....@...@@@@.....@..@..@.......@...@.@....@..@@.@.........@...@..@@...........@@.......@.@........@
@@.....@.@@....@..@....@@@....@@@...@.@@..........@......@.........@@........@@......@....@@..@.@.......@.....@..@@@@.@..............@.......@...@@...@...@@.........@@@...@..@.@...@......@...@...@.@.........@@....@.@....@...@@@@.......@....@..@.........@@....@...@@@@@.....@.@.@...@@....@.@...@......@
....@.@......@..@@...@.....@.@.....@..@@.@.......@...@@...@....@...@..............@.@.@..@..@..@.@@..@....@....@.@....@@.....@@.@@..@..................@....@..@..@@..@@..@.@@.....@.............@......@........@.......@@.@@.@.@.....@..@....@@.@....@@..@.@.....@..@@.....@.@......@....@.............@.@@
@..@.........@@.....@.@......@.....@..@..@@...@@.......@......@@........@....@@.@...@@@@...@.@...@.....@...@..@..@..@......@.@......@@.@....@...@.@......@@.......@..@...@.....@.....@.@..@.@....@.@..@.@........@.......@...@.........@...@.@@@.@....@.@.........@@@.....@.......@.............@.@..........
..@....@....@@..@..............@..@.@....@.@............@@.......@......@....@.@.......@.....@..@.@........@.@.@...@@.@@@@.....@@.......@.@..@@....@@..........@....@...@....@.................@........@@...............@@@.@........@.......@.....@.@..@@@....@..@.@...@............@...@.....@.@.@....@...
...@................@..@....@..@...@@.@..@.@.@......@....@..@..........@....@..@...@.@...@@.....@..@....@.@@.@@.@..@@...@.@...@.@..@@.......@......@........@................@@@.........@.@....@@.@.............@.@@..@@.....@....@........@........@..@.@.........@@.@......@...@@.@........@..@...........
.@....@....@..@...@..@..@...@..@...........@.@..@.........@...@.....@.........@.@@.@......@.......@......................@...........@@.@..@.@...............@....@@@..@@@.....@....@..@.......@..........@@.@.......@....@..@....@......@@......@.....@.@....@..@..@.@............@.@@.@.@........@@@...@...
.@@@@.......@....@....@.@@..@@@@..@.@@..@.@....@@....@.@@....@...@.@.@.@..@@@......@..........@..........@@......@........@.......@@..@..@..@..@....@...@@@@.@.....@@................@..@.@.....@@......@......@.@....@..@.....@.@@.@@.@......@....@.@@..@.................@.@..@...@@.@@..@.@@...@.@........
..@......@...........@@.....@.@...........@@@............@.@.@.......@@...@....@........@@....@....@...@.@.....@......@.@..@.@..@..............@....@......@.........@...@...............@.@.......@...@..@@.@.@.....@....@@.@.@...@......@@@....@..............@@@.@.@@.......@@..@.@..@.@@.......@@....@.@@
.@.........@..@.@.@.@@.@.@..@.....@.@@@..@....@....@..@..@.........@...@.......@.@.@.@..@.@...@@......@.@@@.....@...@.@..@..@...@@......@.............@...@.@@.......@.@...@@....@.@@@@...@...@@...@@.....@....@......@@....@......@.@......@....@.@.@@....@.....@..@@...@...@.....@.....@........@...@@.....
..@@@@.........@.....@@@.@.@..@...@@..@@@@.@............@.@....@....@@@@..........@.@.....@.@@....@............@.@.............@.@@......@.....@........@.@.......@......@.@@.@...@..@.@...@.@......@....@...............@..@.......@.....@...........@....@.....@.....@........@.....@@...@@.....@@@........
.....@@.@@...@...@.@...@....@..@..@.@.@....@.....@....@...@@.@@.@@..@.@......@...@.....@..........@...@....@...@..@.@@@...........@..@@.......@.....@@.@....@@............@...@..@.@.....@....@........@......@......@.@.......@....@....@@...@.@.@...@.@..@.@@....@.....@@@..@@....@@..@..@.....@....@.....@
..@.@.@@.....@.....@......@....@..@@@....@@...@@.@..@@.....@.@..@..@.@.......@..@@....@...@...@@......@@...@......@@..@....@...@.......@.@..@.....@@...@@@...@@....@..@....@.@..@..@@@@.@@....@.......@@.......@.....@@@@@..@....@@.......@@.@.@@@..@..@@........@....@...@.........@@.@@....@.....@.......@.
.@.@@.....@......@.........@...@....@......@..........@.......@......@.@@@..@.........@....@...@.......@.....@..@@....@.@........@.@...@..@..@..@......@@.@..@..@.@..@@....@@@.@@.....@.......@@@@..@@......@..@...@....@.@..@.@..@....@......@.@.@...@.@...@@..........@.............@.@..@..............@..
.....@.@............@........@.@.......@..@...@.....@...@.@...@..@....@@.@....@.....@..........@..............@........@...@@.....@..@.@......@@@..@@....@@.....@........@.........@@....@.....@....@...@..@..@..@@.@.......@..........@..@...................@.........@.......@.@..@....@..@...........@...
..........@..@@.@...............@@.........@@........@..@@@.......@@..@....@@@@...@..@......@..@....@..@...@.@.@..@.......@.@..@....@.@...@....@......@.@.....@....@@..@..@......@.@.@...@...............@.@@.........@...@.@.....@....@@.@.@..@......@.@.@.@.......@...@...@......@@.@..@.@...@.............
...@....@.@@@......@.@@..@..@@..@..@...@...@@.....@.@......@.@@..@...@@.@..@...@.....@.............................@@..@...@...@.....@@....@@@..........@@...@...@.....@..@@@.@......@..@@.....@@..@.@.......@..@.@...@@@.@.......@..@.@..@.@..@.@...@.@.@..@.@@...@..@.............@....@.@......@....@.@.@@
@..@@...@..@...@....@.....@@@.......@@@...@@.@...@.@..@........@..................@....@..@....@@...@.@@..........@.....@.@..@...@..@.@....@....@........@...@@...@..@......@@...@@@......@.@.@.....@..@.@@..@..@...@.@@.............@...@..@.@.................@.................@.@@...@..@.@.....@.@......
@@.@...@.............@.........@@.@@...@..@................@........@@@.......@......@@.....@@@.@.@@..........@.@.........@...@.@@......@..@.@..@....@.@.@.@...@......@..@@.@.@.....@....@..@.........@@....@...@.@@..@@...@@..@..@..@@@@.@...@@.@@@.@.@@.@@.@.@..@.......@.......@..@.........@@.@.@......@@
@..@..@@.@...@.........@.@.........@........@................@....@.@@@.....@.@.@.@.....@..@..@...@@@.@@....@.....@@@..@..........@....@.......@@...@.@@......@........@@..@@@@.....@...@@@.@...@...@......@...@@..........@.........@.........@...@...@.......@........@..@......@...@......@@....@@....@...
@@..@.@................@.@@@.............@...@.....@..@......@@@...@........@...@......@@.@..@.....@@...........@....@.........@.@..@@.@....@.......@.@.@@@............@.@............@.....@.........@@...@.......@.@..........@.@..@@.@....@@@..@.....@..@....@..@.....@.@.@...........@.@..@@......@@@@...
..........@....@..@..@@@.....@.@....@..@...@.@...@.@.@..@@.............@@....@...........@.......@.@......@....@....@@@@..@.....@.@..@@.....@.@@@.......@...@.@......@.@.@...@..@..@@@.......@@@..@@@....@...............@@..@.@..@@@...@@@.@..@..@........@....@..@.....@.........@.......@....@@@..@@.@...@
............@.....@.....@..@.....@@@..@.@@.......@..@.@........@@.....@............@.@............@@...@@...@.@@.@@@.@@.@..@...@....@....@.......@.@.@..............@.......@...@@.....@....@....@.@.@....@.............@.......@.....@....................@..@.....@@.@...@.................@@..@@....@@..@.
@@@.@@@@.@..@@@@..@.........@@.................@.....@............@......@.@@..@@..@....@@.@.......@.................@....@.@....@....@@.@...@@@...@@...@........@...@.@..@@..@....@...@...@.@.....@.@@.@.@....@..@@...@........@.@...@.@..@@....@..@@...........@...........@..@......@@....@........@....@.
.@......@........@....@......@.@...@....@.......@..@@@........@....@.@.@@...@......@@.....@..@.....@@....@...@...@..@......@..@....@...@.......@....@....@@.......@@.......@.@..@.@.@.@...@..@....@..........@..@....@.........@@..............@.@...@...@@@..@...@@...............@.....@...@...@....@.@...@
@......@@.....@.@..@..@.@......@@........@...@.........@.@....@.@@......@.........@@.@....@....@...@....@....@...@........@.@...@..@......@........@.@@..@@@..@....@......@@...@..@.....@.@@...........@@.@@..........@@................@.....@.@.@.......@...@..........@..@@.@........@@.@@@..........@...@
@.@.@......@..@.@@.@.@.@.....@@.@.@..@.@.......@...........@@....@..@@@....@@......@.....@.....@..@....@....@.............@..@...@...@@...........@....@.@.@.@...@@...@@@......@.@@..................@...@.........@@...@@.......@@........@.........@...@.@@..@......@@.@...@@..@......@.@.@@@@...@....@@..@
...............@@...@..@.@.......@@..@......@..@..@....@.@..@@.....@.....@.@....@.@@...............@@@@.......@......@@@...@....@@.....@.....@...@@....@..@....@....@.....@...@@@@@....@.......@@@.....@@@......@.@.....@.....@.@..@..@@.......@.@.@@..@@@.@.@.@..@........@.....@.@@.....@.@@..@.@.......@@.
..@....@.@............@@.@..@........@..........@....@@......@@...@.....@...@.......@.@.@@......@....@@@.@..@...@.@.@@...@........@...@.@....@.......@......@..@..@@.....@.@.@@...@...@...@.......@.@.....@.......@..............@......@....@...@@@........@@.@@@@.@...............@...@.@.....@..@..@..@.@.
@.@..@.....@......@.@@..@.@@....@..@....@@...@..@..@...@.........@@@........@.@..........@....@@.@..@..........@.....@@...@@@.@...@..........@@.@..@.....@@.....@...@@.@.@...@...@@.@@..@....@@.....@.@...@@..@...@......@@@@@@..........@@..@..@.@..@.@@.......@..@.@.@.@....@@......@@...@@.@..............
...@@.@.....@@..@.....@.@...@.....@.@...@...@.@.@@......@..@@.....@......@.@@@@....@...@...@...@.@........@..@@..@.......@@@......@@.@.........@.@.....@...@.@.........@@...@....@....@...@@.....@..........@....@....@......@...@.@.........@......................@.@.....@.@.@.........@.@........@.@@@..@
.....@@@...............@.@@..@.@....@.@.......@.@....@@.@@...@...@@@......@.@...@..@@@.........@..@......@@.@.@.........@......................@..@........@............@.....@.@.@....@.@@...@.@@.@.............@@.@.....@...........@.@......@.@@.@@.@...@@@@.........@.......@...@....@.@..@.@.@.@.@....@.
.............@@.......@..@...@.......@@@@@@..@...@..@@.@@@..........@.@.............@@@@...@....@..@..@@@@.......@.@@.....@....@.@.....@.......@.@.@.@........@@..@.@@..@@...@...@........@@..@...@............@.@.@....@.........@.@..........@.....@@......@.....@.....@...@@..@.....@..@...@......@..@..@@
@@.@.....@@@..@@....@.@..@.@..@.@..@@...........@@...@.......@...@.@@.@.@.....@...@@....@@........@.@.@@@@.@.........@..............@..@.@........@........@@..@@..@@@..@.@@...@...@..@..@..@..@.@.....@.....@..@......@......@....@..@..@.....@..@..............@..@............@....@@.@....@.....@.@...@.@
@..@.@.@...@.@@..@..@.@.....@.@......@@...@........@....@......@.@@.@.@@...@.@.......@....@..@...@....@..@...@@@..@@...@@....@.@.....@...@..@.....@@........@.@@..@@.@.@..@..@..@....@..@.@.........@.@....@.@.@....@@..@@....@@......@.........@@...@..........@..........@.@.......@......@.@..........@...
...@.@.@..@..@...@.......@@.@@..@.@..@.@......@...@....@......@...@@.......@........@.@.................@.....@.@....@...@....@@....@..@.@.@.@....@.@...@@@..@..@@@....@.............@..@...@...........@...@....@.....@@.....@..@.@..@@......@.@@..@........@...@.@..@@.@..@...@@@@....@.....@@.........@@..
........@..@.@...@.@.@..@@.@..@@......@@...@.@...@@.....@.@...@...@...........@........@..@..@@.@..@...@...@@...@...@..@@@@....@@..@@..@........@....@.@..@.@..@@@..@..........@@.....@.@........@.........@@......@...@.@@@.@@.@@.@.......@.@...@..........@.....@@..@...@......@..@@..@.@@.@@@.....@@@..@@@
..........@.@..@....@@.......@...........@@@...@...@@..@...@.@...@@...............@...........@.....@.......@....@........@..@@....@@....@....@........@............@@.@....@@@@..@....@@......@....@..@@@@......@.@...@..........@....@.@@.@.@.@...@.......@.....@@@...@.....@.......@...@@..@@.....@.......
...........@..@.......@..@.....@.@...@....@@.....@..........@@.....@.......@@...........@...........@@@.@@.....@@...@.....@@@......@.@..................@.@.@.......@....@........@@@...@.@.@...@@..@........@.@.@..............@............@.@..@...@.@...........@@.@.@.....@..@........@..@......@@@.....
..@..@...@@...........@......@..........@...@@@.@......@@@.@.......@..................@......@.@...@...@...................@.@..@...........@.........@@.@@.@...@.@...@........@..@@.@...@@.@@......@@....@......@@@..@..........@.....@........@....@.....@.....@........@....@..@...@@...@.....@.@........@
.@.....@.......@....@....@@..@.@.@...@....@@.....@....@...@@..@@..@..@.....@...@....@....@..@....@@.@...@.......@....@.@...@@....@...@......@..@..............@.....@.@...@............@..............@.@......@..@..@.........@.....@......@.........@@@....@@@...@...@...@...@@...@.@....@..@..@@..@..@....
........@@....@....@..........@.....@......@....@...............@.....@.@@@...@...@@........@....@.@@@@.@@.@.......@.@..@@@......@@..@..@.................@.............@@.....@@...@...@.......@@.....@.@.@@..@.....@....@................@...@.@........@............@@...@..@....@..@@...@...@@..@@@@..@..
....@.@@.......@......@@...@@....@.........@@...@...@........@.@@..@..@@...@...@....@@..@........@.@........@........@..@@...@..@@.....@...@@.........@..@@...........@.@....@@...............@@...........@....@..@@@.@@@.@.....@.@..@...@.....@...@@@.@......@.@.....@@..@...@@...@.........@.@.......@.@..
@@.@@.@.@................@.@...........@@@...@@....@..@.@....@.@..@.@...@.........@......@.@@.@....@@@..@....@..@.@@@...@.@.@@.@....@.@....@.@....@...........@@..@.....@.....@.@.@@@........@@.........@.....@.@.............@.........@...@.@.@.......@..@@.@.@...@.....@..@..@...@...@@...@@@...@@......@.
.......@@.@...@.@@.....@..@...@................@......@.......@...@.......@..@@..@@..@..@...@........@@......@..@.....@.@...@..@.........@...@..@@@.....@.@........@@@..@...@.@.......@.@.......@.@.....@...@........@....@.@...@.....@@@..@....@.@...........@......@.@.@..@......@.@........@.@@......@....
..................@..........@.@........@....@@@.@...@..@...@..@.........@...@......@..@@....@.@.@.@.....@...@@@.......@@....@@..@.................@.@..@@..@@...@@..............@@........@@@..@.@.@......@.@......@@@....@...@.@@...@....@.....@@@..............@..@@....@....@@.....@@.@........@......@.@
@@......@@......@.@....@.....@...@.....@.....@....@.........@..@..@..@...@.......@....@......@..@@.......@......@...@..@.@...@.@.........@...@@.@.@....@@..@@@.@..@@...@@...@@...@..@..@.@..@......@......@....@...........@..@........@.@@@..@...@...@@@.@........@.@.@.@@...@...@.@....@@.@.....@@...@....@
...@..@............@@@....@.@.@....@.@.@...@...@@.....@..@...@.@.@....@......@......@...@.@......@.@.......@..@..@@.@.....@.@@..@..@...@....@.@...........@@...@....@.@.....@.@.....@............@@.....@..@.......@@.@@@..@@......@..@...@...@...............@@@@@..@..@....@..@....@...@...@.@@@.@...@@..@.
@....@.......@.@@.......@....@....@.....@...@@.@.@@@.@.@..@........@@.@.@.........@....@...........@.@...@..@......@...@@@.....@@.@..@@@...@..@.@@@@....@.@...@.@.......@.@..@..@..@.@.@.@....@@.@@@@..@.....@......@..@......@......@..@...@@..@....@.....@@.@@........@.@@@@......@.@.@.@.......@@.@@...@@.
..@......@....@@@....@@...@.@..@.......@.@@..@..@.@................@......@@.@......@.@.@.@@.@.@...@..........@.@...@@@@...@.@@........@.@@..@.......@....@..@...@.@....@....@..@@.@.@.......@....@@@@@....@@...@@@...@.@...@........@.@......@...@@@.......@@..@@..........@...@.@..@@@...........@......@..
..@.............@@.@..@..@.@...@@.........@........@...@..............@.....@....@...@......@..@.....@......@.@....@.@..@.@@.......@..@.......@.@.....@..@...@...@...........@.@@..............@...@..@@..........@...@.....@@.....@.@.@.@@..................@.@@..@....@..............@.........@..@.@@....@
..@@.@.@@.@@..@.@.@.......@........@@@@.@...@@...@...@.......@.@@.....@..@....@..@.......@....@.@.@.@....@.@..@..@...@.....@.@......@............@.......@..@@.......@.@....@.@.......@......@...@...@@@..@@..@.....@@@.@..@..@.@.........@..@@@.@...@..@.@......@@@......@.@.@@.@..........@@@@.@.@..@......
...@.@......@.....@@@.@@@@.......@@@..@......@...........@...@@....@.@.@.@....@.....@......@...@@...@.@...@.....@@........@.@......@@.............@@.....@.@@.@.@@.@..@...@..@......@@....@.@.......................@..@@@@..........@.@@@...@...@.......@......@...@.@.@........@..@..@@.@.@..........@@@...
...@...@.....@..@..@........@........@..@......@@.....@.@@@.............@.....@....@.@@............@@@...@...........@.......@.@.......@.......@.@@..@.....@..@.....@@....@.@..@.....@..........@........@..........@.@..@...........@..@..@..@.@@..@@@.....@.....@....................@.@.@......@@@.....@..
...@.@.@.@..@@..@@..@............@...........@..@.....@@@..........@.@...@@.....@......@@..@.@.@...@.......@..@.....@..@.@.@..@.......@@.@@@.@...@....@..@@.......@...@.@.@....@.....@...@.@...@..........@....@.@.@..@.......@.......@....@.....@....@.@..@...@.@........@.@@..@....@......@.@.....@.@......
.....@...@..@@.@.@..@.@.......@.....@@....@..............@.....@.@...@....@..@@@.@.@....@.....@...@.@@@...@...@......@.......@...........@@...@...@...@.@...@@.......@...@..........@@@...@.....@@.@...........@....@......@..@@...@.....@....@....@.......@@@...@....................@..@...@.@...@......@@@
..@.......@@.......@@.......@....@..@.@.@@@.@@.@..@.@@.............@@@...@....@.@.@...@..@@...@...@@.@@....@....@@........@.@@..@....@@.@...@......@....@....@.....@.@.@...@.@....@..@......@..@......@@@@@@.......@..@.@...@........@@.@.....@....@.....@.@@@...@...@@.@..........@...@............@@@.@...@
.@.....@...@@@....@...@..........@.......@..@.......@...@.....@....@........@.....@.@...@@....@.....@...@....@..@@@..@@.@..@......@@....@.......@@.@..@...@@......@...@..@..@@..@@......@.......@...@.@...@...@.........@@......@..........@..@..@@....@..@........@.......@.@.@.@@.@.@..@.......@........@..
......@.......@@@@.@@@@@....@......@..@......@@.@@@.......@.......@@.....@.@...........@....@@@@....@....@.@@........@......@...@@.@@..@.@........@.@...@......@...@.@@.....@......@@@.........@@.@....@@......@@........@..@.....@...@.......@.@..........@.@......@..@.@........@.......@..@..@.......@.@..
.........@.@..@@..@......@........@....@..@.......@@@.@@............@..........@..@@..@....@..@.....@.@.....@.....@.......@...........@.....@.....@.....@@@.@@..@@....@@..........@@@@@...@......@.@..........@.....@.@....@@@..@@.@.......@@@.@@@.@.@@...@..@..@..@@@.@.@@.@@......@@.@@.....@..@..@...@....
@.@..@.@@........@.@.@.@@@.............@..@@...@......@@...@......@...........@..@....@.......@@@..........@@@..@.@..@..@...@.........@.......@.@.........@.@@........@@......@.@.@@.@..@...........@.@.@...@.@.........@@....@..@.@..@@@@.@@......@@..@.@.........@.....@.@@.....@........@..@.@......@.@...
.@..@@....@.@....@.......@...@.....@....@............@......@....@.@@..@...........@@@@........@@.@@...@......@.......@..@......@.@@.@.@@@@............@....@...........@.....@...@.......................@........@.@...@@.....@....@...@...@......@.@..@....@..@.@...@.@...@.........@......@.@.@....@.@...
.....@..@.....@..............@..@@..@..@...@...............@...@.......@......@.@@@...@......@@@@.....@@........@.@........@.@...@......@..@@...@.@.@...@@.@....@...@.......................@......@@..@.@...@...@..@.....@..@..@.....................@.@@..........@.@.....@@@@.....@.@.@.@.....@...@.@.....
.@..@..@@......@.@.........@..@...........@.@@.@@..@..@...@@.....@.......@.......@.@............@@............@...@...@...@..@@..@@.@.@.........@............@.....@...@.@..@...@@..@...........@..@..@@..@.........@....@.@.@@.........@.@..........@@..@...@..@.@.....@......@...........@..@..@......@....
..............@....@.....@.......@..@.@@.@.@.@@@..@.@.......@@.....@.@@.........@.@.@..@..@@........@..@....@@@.....@.....@.@...@...@..@@....@.@....@@.........@...@..@.@.@..@@@..@....@......@@....@@..@...@....@...@...@...@.@..@....@....@..@...@..........@..@@@..@...@.@...@.......@...........@.......@
.@.....@..@.@....@@...@.@@.................@..@..@......@.....@..@@@@.@........@.@@.......@@@.@.@................@........@......@.@..@@...........@@@..@.@.@......@.@...@.@........@@...@............@@@.@@.@...@@@....@.......@.@@@........@......@......@.....@@@....@@..@....@..@@@...@@......@..........
@....@.............@@.@.........@@.@...@....@.....@....@.......@.......@.......@.....@.....@...@....@..@.@@..@..........@@...@............@..............@@...@.@..@.........@@......@....@..@..........@...........@@.......@@....@....@.....@@........@..@.@..@........@@...@.....@.@....@...@..@@@........
....@....@.@.@..@.@.......@@..@.@.@...@....@................@@@.@...@...@.........@..@...........@.......@..@.............@.@...@.@@.@.....@..@..@...@..@@...........@......@.@.@..@.@.@....@.......@....@...@@@@@.......@.@.@................@....@@...@..@...@................@...@.@...@@..@..............
...........@....@........@.@....@.@@@....@.......@.@.@.@...@...@@.@...@@......@......@@@@@.........@.@@..@....@@@.@..@.......@..........@@...........@...@...@...............@.@....@......@......@.@@.........@..@..@....@.....@.@...@..@...@...@..@...@.@@..@......@........@......@....@....@..@....@.....
...........@@@................@............@....@.@..@@@....@..........@..........@.@...@....@........@....@...@.@.@....@...@@...@@..@@..@......@.@@...@.@....@...@.....................@......@..@..@....@.@.@..@..@......@.@@..@@........@.@.....@....@..@@..@.@......@..@..@@.........@.@.@.........@..@..
.............@.@@@.@@@..@.....@.....@....@.@..........@.......@...@...@...@..@.............@.@.@.........@.@@..@.@.@@.........@.@....@........@....@.............@....@.@..@@@.@...@..@...@...@..@@.......@.......@.......@.........@@@............@...@@.....@...@....@@...@.....@@........@.....@@........@
.@........@...@...@....@.@@.@..@...@...@@..@.....@.@.........@...@...@....@..@@......@...@.....@.......@.......@.@....@...........@@......@@..@.....@..@.@.....@..@..@.....@@@..@....@..@..@........................@..@...@..@...@....@...@....@@....@.@.....@..@...@......@......@@@@....@@.....@........@.
..@...@.......@..@....@.@......@.@...@.....@..@@@@@....@@...@...@......@......@@@@@.@@.@.@......@..@..@@........@..@...@@.....@.@.@.@..@...@@.............@........@.....@...@@@..@......@.@...@@......@...@......@........@....@..@...@@........@..@@@..........@..........@.....@...@@..................@..
....................@.@..@...@..@...@...@.....@.......@.@..@..@..@..@.@....@...@...@........@....@.......@..@....@@........@.......@..@@@@@@.........@.@...@.......@.........@..@....@....@......@...........@@@...........@.......@@.......@.......@....@.@.@..........@.....@..@....@.@....@......@...@@.@@
@.@@.@.....@.@....@...@.@...@....@.@.@.@..@.@.@@@@@..@...@.....@....@@..@...@....@....@.@@@..........@.@@.@.@..@.@.@........@.@.@...@......@.....@.@.@.@...@..@@.....@.....@.@.@@.....@...@..@.@.@..@.....@.......@..........@@@..@........@@...........@..@.....@.@...@....@...........@..@@....@..@.@..@..@
....@.......@..@..@........@..@@@.@@.@..@.@..@.@@.@......@@...@....@..@.@......@...@.@.....@.@@.....@.@.......@...@..@.....@...@.....@.@...@.@..@.@......@@@.@.....@.................@@.....................@@@...@......@.............@........@...@........@@@@@.....@.....@@@....@.@.......@@@.......@..@.
.......@.@...@...@@...@@......@...@..@@@@@....@.......@@@.@......@...@@@.@.@.@.....@@...@.@.@.........@.....@..@..@...@@...@...@@.........@.@@.@...@...@......@@.@@@@...@@....@..@@.@.@@...@..@.@..@@..@@..@.....@..@@..@....@.@..@....@......@@..@....@.....@.............@..@@@@..@.....@.@...@......@.....
.....@.....@.....@..@.@......@.....@..@...@.....@............@.....@@.@...@@..@....@...........@........@@.@.@.................@.@@............@.@@@.@....@..@.@..@@..@.....@@@@...@@.@....@@...@........@.@@......@@..@@@.@.@......@.@..@.......@...@...@......@@@...@@........@...@....@..@.....@.....@@...
@...@........@.@.@.....@.....@..@.@@...@@..@.................@.@.....@.@...............@..@@.............@@@.@..@....@@@@@.@.@@@@.......@@...@.@....@...@.@.........@......@.@@..@.......@@@@...@.@..........@@.@@@.......@..@......@..@..@...@.@.............@@@.@..@...@...@@.......@@...@..@............@.
@......@@@@..@........@..@.@@.@@@.@......@@..@......@...........@...@@.....@..@.......@.@@@@..@.......@...@..@@.....@....@@........@..@@..@@@...@...@..@@@@..........@....@..@.....@.....@...@@.@....@...@.....@.@..........@.........@.....@...@.@...@..@@@........@...........@..@...@@.....@@.@@@....@.@.@
@@...@.................@.@.@..@.@.......@@.....@......@..@..@..@@@.....@..........@.........@..@@@..@@............@@@..@@...@.......@.....@@.......@.@...........@.@..@@@@@....@...@.....@@...@@....@.............@..@@@....@.@@.@.@..@.@............@...@..@...........@....@.@@.@.....@.@.........@........
...........@.....@..@.@....@.@...@....@..@..@@@.@.....@....@..@..@@........@....@...@....@........@...@.@.@.@.......@.@@...........@@.......@@.@...........@..@.@@..........@...........@..........@..@.@......@@@...@@..@@@.....@....@.......@@@.@......@...@...@..@..@.@............@@.@@..@..@@.@@....@..@
....................@........@..@@.@@.......@@@.@............@.@@...@....@..@..@@..@@......@@.....@..@.@.@........@..@..@......@.....@....@..@..@..@..@...@.@@.@.@.@....@@@...@..@......@.@@...@..........@@.@@@..@........@..@..................@@@.@..@.@.@.....@........@..............@..@....@@.......@@
....@@.@@...@.@...@@......@....@......@@@.@@.@.....@.....@....@.@...@@.@........@.@@@..@@.....@@..@...@......@.@..@.@@....@.@..@........@.....@....@.@..@.@@@@...@...@@...............@.@..@.@...@@.@.@.@...@..@@....@.....@.@.....@...@.@.....@@..@.@..@@.....@....@@@......@.@@.@.....@......@....@.@@...@.
@..@@@..@...@.....@...@@.....@..........@.@....@..@..@........@..@.............@.@@@..@........@......@......@@...@..@.@....@..@..@.@....@@......@...@.@....@.@@@.@...@@..@@..@@..@....@..@@@..@......@.....@....@...@......@.@..@....@....@@.....@..@.@@..@.@@@....@...@..@.......@....@...@..@...@@........
@.....@...@.........@.@@.....@.......@.....@.@.........@...@...@@.@.........@...@.@.......@.@..@..@@@....@......@.@.@@........@...@..@.@.@.........@@@..@.........@.@.................@.....@.....@........@....@@....@.....@..@....@@..@..@..@@@..@....@............@.......@.........@@............@@..@@@@
@.....@.....@......@.@...@@............................@..@.@..@.@......@...@...@.@.@......@@...@..@...........@..@.@@@..@.@...........@@.........@..@.@..@@...@.@@.@.................@...@.@.@...@@@@.@.@...@...@....@.@@@@@....@..............@.@@.@.@@..........@....@@....@@...@..@........@@@@@.@.@@....
....@.......@.....@.@.......@..........@.@....@.@...@..@@...@..@@.....@.@..@@....@..@@..........@...@...@....@..@..................@@.......@........@.@.........@.@.....@.......@.@..@@.......@..................@...@.@@@@.....@.@.@@...@..@..@...@....@@..@....@.......@..@@..@.@.@...@............@..@...
...@.....@......@...@.........@@@...@@...@...@......@..@....@@.................@.....@.@@@.@.@......@.@.@@....@...@.....@.@@........@@...@.@..@@.....@.@.@.@........@@...@..@..@.......@..@...@..............@.........@..@.......@...@.@@@.......@...@.........@.@...@@...@....@.@..@....@....@@...@@.@....@
.@@.@.@.@@.@......@@@..@@..@...@...@..@......@@@.....@......@...@@....@.@@@@......@@.@@@@...@.....@...@@...........@.@@...@..@....@.@.@...@.@.....@@..@@..@..@.....@.@..@@..@..@..@@...@......@@@...@...@.@@....@@.@@.@..@..@@.....@.....@.@@..@...@@@..@.@.....@...@..@...@....@.@@..@...@.......@.....@...@
.@@@...@.@@..@.....@.......@....@@........@..@.......@..@..@@@@.@...@.....@.@....@...@.....@..@..@....@........@.@......@@.@.@...@@@..@.@..@.@@.@@@...@..@..@......@..@.......@....@@....@.......@.@....@@.@@@@......@..@............@@......@.@@............@@.@@.@......@.@........@@.@.....@@@...@........
@@......@...@@.@.......@....@.@.@.....@..@.@...@..@.@...@.@...@.....@@.....@..@.@.@..@....@..@@@@.@........@..@...@.............@.@.@.@........@......@@....@.@@.@...@@...@......@..........@...@.@....@....@........@.@..@......@...@.@@..@.@.......@.....@..@@...@...@..@.@@@..@@.....@.....@...@....@.....
..@.......@.@...@@..@..@@...@.@.......@.....@....@..........@...@..@@...@......@.....@.....@@.......@...@@...@..@@..@@..@...@.@.........@..@..@.......@..@@.....@.........@.@@.@..@.@...@..@@.@.........@@.@.........@.@.....@..@....@..@......@@....@...@@..........@.........@..@...........@@....@...@.@..
......................@.....@@...@@.@@.....@................@..@....@@.@..@..@...@.........@.......@@............@....@@....@@.......@@.......@@.@....@@.@..@@@.@@.........@.........@.@...@@...@..@..@......@@.....@...@.@@@.......@...@.@..@@.............@....@...@.@@...@...@@.@@.@@...@..........@....@.
...@..........@.............@.@.........@.@@.@.......@....@.@@...@@.@......@..@......@..@@.@@....@..@................@...@..@@@...@@..@@...@@.....@.@@....@..........@@.........@..........@...@......@..@..@@.@.......@.@..@.@@.......@...@.@...@.@...@@.@...............@..@...@.....@@..............@@....
....@..@...@.....@..@@....@..@.....@...@..@.@@....@....@.........@@...........@.@@@.@...@.......@...@@@.....@.....@...@..@..........@@....@@...@............@....@.....@@@...@.......@@.....@..@....@.@.........@...@..@.@.......@..@.@@@...@@.@.....@....@@@.......@....@..@.@.@.@.............@.@.........@
......@@..........................@.....@.........@....@..........@....@....@@..@.....@.@.........@.@..@.@@.....@@.@.....@..@.@.......@.....@.@..@.@.@....@......@.@@@...@..@.....@....@.@.......@.@.........@....@.@.......@..@.@............@......@@@@.@..@.@.@...@......@..@.@.........@...@.....@@@.....
....@....@@...@@.@@@.....@.@........@..@....@@....@.@@....@......@....@@..@..@...@@@...@.@.....@..@@..@.@...@.@..........@@..@.@@.@.@...........@.....@..@@@@.@@@...@......@@.@.@......@.@.@..@..@.@....@.@.....@.@.@...@....@..@.@.@.@.@...........@..@@...@@..@@@..@...@..@@...@@.@.@..@.@....@.....@@.@...
......@.....@....@.@@..@....@..@...@................@..@...@......@....@....@.....@...........@.@@@@@@..@.@...@..@.@.....@..@...@@@@....@@.@..@..@..@..@.....@.......@.....@.@@.@....@@@.....@@..@..@.@@..@.....@.@@.@...@.......@..@.......@...@.@......@.......@.@..@@@@@.@..@.@......@.@..@@@@.@@.@@......
.@.@....@.@....@.@...@.@.............@.@..........@@@@...@@...........@..........@.@..@@....@@...@@@@....@@....@@........@...@....@.@...@.@@@@.@.@...@@....@...@......@@.@....@..........@.@...@.................@..@.@.....@....@.@@...@......@.....@..@@..@.@...@..@.............@@@@@@...@@@@....@...@.@..
......@.....@...@......@@........@.@@@...........@.@.@...........@..................@...@...@...@.@....@......@......@@.@.@.@...@@...@.................@@@.......@....@@...@..@.@........@...@..@@@@@@........@.@....@......@...@..@..@.............@@@.@..............@@...@@@........@@...@......@.@....@.@
..@.................@@.@.......@@.@@@@.@@.......@@.....@...@@@...@@@..@..@..@....@.@@............@...@@........@@@.@.@...@.@@@@............@.@......@....@@..@@@.@@@.@..@.......@@.......@....@..........@.......@...@.....@.....@@@..@..@..@...@@.......@@@..@.........@@@.@........@................@..@..@
@...@...@@.@@@.....@..@..........@....@.@.@..@@.@...@@@.@....@.@@...@..@@.......@........@..@@....@...........@@........@.....@...........@....@......@......@...@..@@...@....@.@.....@...@.....@@@.........@.......@@..@.@.@.....@....@..@.@@......@@......@.@..@..@....@.@....@@.........@@....@....@..@..@
